12-17 19:31:36.821  2852  2852 D HwCust  : Create obj success use class com.android.systemui.statusbar.HwCustExpandableNotificationRowImpl
12-17 19:31:36.822  1795  2377 I AwareLog: AwareMem_DMEServer: stop
12-17 19:31:36.822   606  2379 E libteec : QSEECom_send_cmd return!
12-17 19:31:36.822   606  2379 E libteec : qsc_send_cmd finish
12-17 19:31:36.822   606  2379 E libteec : send data return = 128
12-17 19:31:36.823   835  2385 E libteec : receive data len = 128
12-17 19:31:36.823   835  2385 E libteec : begin
12-17 19:31:36.823   835  2385 E libteec : qsc_decode end
12-17 19:31:36.823   835  2385 D fpc_fingerprint_hal: worker idle
12-17 19:31:36.823   835  2385 D fpc_fingerprint_hal: workerFunction STATE_AUTHENTICATE
12-17 19:31:36.823   835  2385 E libteec : begin
12-17 19:31:36.823  1795  2326 W FingerprintService: client com.android.systemui is authenticating...
12-17 19:31:36.825   606  2379 E libteec : receive data len = 128
12-17 19:31:36.826  1795  1795 D HwWifiP2pService: onReceive, action:android.intent.action.SCREEN_OFF
12-17 19:31:36.827  1795  2668 D WifiP2pService: InactiveState143467
12-17 19:31:36.827  1795  2668 E HwWifiP2pService: Unhandled message when=123009998 what=143467 arg1=0 arg2=0
12-17 19:31:36.827  1795  2668 D WifiP2pService: P2pEnabledState when=123009998 what=143467 arg1=0 arg2=0
12-17 19:31:36.827  1795  2668 D WifiP2pService: DefaultState{ when=-1ms what=143467 target=com.android.internal.util.StateMachine$SmHandler }
12-17 19:31:36.827  1795  2668 D HwWifiP2pService: SleepPolicy:1
12-17 19:31:36.829   606  2379 E libteec : QSEECom_send_cmd return!
12-17 19:31:36.829   606  2379 E libteec : qsc_send_cmd finish
12-17 19:31:36.829   606  2379 E libteec : send data return = 128
12-17 19:31:36.829   835  2385 E libteec : receive data len = 128
12-17 19:31:36.829   835  2385 E libteec : begin
12-17 19:31:36.829   835  2385 E libteec : qsc_decode end
12-17 19:31:36.829   835  2385 I fpc_tac : fpc_tac_send_get_indices_cmd indices:0x7f9860c000, index_count:1
12-17 19:31:36.829   835  2385 E libteec : begin
12-17 19:31:36.829   606  2379 E libteec : receive data len = 1152
12-17 19:31:36.829  2852  2852 W HwPhoneLayoutInflater: onCreateView : ClassNotFoundException, In this case we want to let the base class take a crack at it
12-17 19:31:36.831  2852  2852 W HwPhoneLayoutInflater: onCreateView : ClassNotFoundException, In this case we want to let the base class take a crack at it
12-17 19:31:36.831  1795  2671 D WifiStateMachine:  ConnectedState !CMD_SCREEN_STATE_CHANGED  rt=123010003/442833195 0 0
12-17 19:31:36.831  1795  2671 D WifiStateMachine:  L2ConnectedState !CMD_SCREEN_STATE_CHANGED  rt=123010003/442833195 0 0
12-17 19:31:36.831  1795  2671 D WifiStateMachine:  ConnectModeState !CMD_SCREEN_STATE_CHANGED  rt=123010003/442833195 0 0
12-17 19:31:36.831  1795  2671 D WifiStateMachine:  DriverStartedState !CMD_SCREEN_STATE_CHANGED  rt=123010003/442833195 0 0
12-17 19:31:36.831  1795  2671 D WifiStateMachine:  SupplicantStartedState !CMD_SCREEN_STATE_CHANGED  rt=123010003/442833195 0 0
12-17 19:31:36.831  1795  2671 D WifiStateMachine:  DefaultState !CMD_SCREEN_STATE_CHANGED  rt=123010003/442833195 0 0
12-17 19:31:36.831  1795  2671 D PowerManagerService: acquire lock=244575063, flags=0x1, tag="WifiSuspend", name=android, ws=null, uid=1000, pid=1795
12-17 19:31:36.832  1795  2671 D PowerManagerService: ready=true,policy=0,wakefulness=0,wksummary=0x11,uasummary=0x0,bootcompleted=true,boostinprogress=false,waitmodeenable=false,mode=true,manual=33,auto=-1,adj=0.0userId=0
12-17 19:31:36.832  1795  2671 D PowerManagerService: Acquiring suspend blocker "PowerManagerService.WakeLocks".
12-17 19:31:36.832  1795  1795 D HwConnectivityService: mIntentReceiver begin
12-17 19:31:36.832  1795  1795 D HwKeyguardManagerImpl: isLockScreenDisabled HwKeyguardManagerImpl result = false
12-17 19:31:36.832  1795  1795 D HwConnectivityService: CtrlSocket Receiver,disable: false locked: true action: android.intent.action.SCREEN_OFF mSmartKeyguardLevel: normal_level mStartPowerSaving: false
12-17 19:31:36.832  1795  1795 D HwConnectivityService: receive screen off intent!
12-17 19:31:36.832  1795  1795 D HwConnectivityService: wifi tethering: false
12-17 19:31:36.832  1795  1795 D HwConnectivityService: Usb tethering: false
12-17 19:31:36.832  1795  1795 D HwConnectivityService: bt tethering: false
12-17 19:31:36.832   606  2379 E libteec : QSEECom_send_cmd return!
12-17 19:31:36.832  1795  1795 D HwConnectivityService: pluggedStatus: 0
12-17 19:31:36.832   606  2379 E libteec : qsc_send_cmd finish
12-17 19:31:36.832  1795  1795 D HwConnectivityService: is charging: false
12-17 19:31:36.832   606  2379 E libteec : send data return = 1152
12-17 19:31:36.832   835  2385 E libteec : receive data len = 1152
12-17 19:31:36.832   835  2385 E libteec : begin
12-17 19:31:36.832   835  2385 E libteec : qsc_decode end
12-17 19:31:36.832   835  2385 E libteec : begin
12-17 19:31:36.832   606  2379 E libteec : receive data len = 128
12-17 19:31:36.833  1795  2671 I AlarmManager: remove(null) changed bounds; rebatching
12-17 19:31:36.835  1795  2671 E WifiScanner: listener cannot be found
12-17 19:31:36.835  1795  2671 D WifiStateMachine:  ConnectedState CMD_ENABLE_RSSI_POLL  rt=123010007/442833199 0 0
12-17 19:31:36.835  1795  2671 D WifiStateMachine:  L2ConnectedState CMD_ENABLE_RSSI_POLL  rt=123010007/442833199 0 0
12-17 19:31:36.835  1795  2671 D WifiStateMachine:  ConnectedState CMD_SET_SUSPEND_OPT_ENABLED  rt=123010007/442833199 1 0
12-17 19:31:36.835  1795  2671 D WifiStateMachine:  L2ConnectedState CMD_SET_SUSPEND_OPT_ENABLED  rt=123010007/442833199 1 0
12-17 19:31:36.835  1795  2671 D WifiStateMachine:  ConnectModeState CMD_SET_SUSPEND_OPT_ENABLED  rt=123010007/442833199 1 0
12-17 19:31:36.835  1795  2671 D WifiStateMachine:  DriverStartedState CMD_SET_SUSPEND_OPT_ENABLED  rt=123010007/442833199 1 0
12-17 19:31:36.835  1795  2671 D WifiHW  : wifi_send_command: cmd:'IFNAME=wlan0 DRIVER SETSUSPENDMODE 1'
12-17 19:31:36.836  5215  5215 D wpa_supplicant: wlan0: Control interface command 'DRIVER SETSUSPENDMODE 1'
12-17 19:31:36.836   606  2379 E libteec : QSEECom_send_cmd return!
12-17 19:31:36.836   606  2379 E libteec : qsc_send_cmd finish
12-17 19:31:36.836   606  2379 E libteec : send data return = 128
12-17 19:31:36.836  3218 13125 D PhoneInterfaceManager: [PhoneIntfMgr] getDataEnabled: subId=0 phoneId=0
12-17 19:31:36.836   835  2385 E libteec : receive data len = 128
12-17 19:31:36.836   835  2385 E libteec : begin
12-17 19:31:36.836   835  2385 E libteec : qsc_decode end
12-17 19:31:36.836   835  2385 I fpc_tac : fpc_tac_begin_identify---need_liveness_authentication: 0
12-17 19:31:36.836   835  2385 E libteec : begin
12-17 19:31:36.836  3218 13125 D PhoneInterfaceManager: [PhoneIntfMgr] getDataEnabled: subId=0 retVal=false
12-17 19:31:36.836   606  2379 E libteec : receive data len = 192
12-17 19:31:36.836  1795  1795 D HwConnectivityService: CtrlSocket getMobileDataEnabled = false
12-17 19:31:36.839  1795  1795 I NotificationManager: mIntentReceiver-ACTION_SCREEN_OFF
12-17 19:31:36.839  1795  1795 I NotificationManager: updateLightsLocked,mInCall =true,mScreenOn = false,ledNotification == null?true
12-17 19:31:36.839  1795  1795 I NotificationManager: updateLightsLocked,turn off notificationLight
12-17 19:31:36.839  1795  1795 I Sensor  : turn off notificationLight due to incall or screenon
12-17 19:31:36.839  1795  1795 I Sensor  : updateLight --> mIsNotificationExisting: false ledOnMS: 0 ledOffMS :0
12-17 19:31:36.839  1795  1795 I Sensor  : updateLightsLocked --> level:78, status:3
12-17 19:31:36.839  1795  1795 I Sensor  : updateLightsLocked --> mBatteryLight.turnOff
12-17 19:31:36.841  2852  2852 W HwPhoneLayoutInflater: onCreateView : ClassNotFoundException, In this case we want to let the base class take a crack at it
12-17 19:31:36.841  1046 26554 V ThreadsEx: HDebug print the key screen_state
12-17 19:31:36.841  1046 26554 D audio_hw_primary: adev_set_parameters: enter: screen_state=off
12-17 19:31:36.841   606  2379 E libteec : QSEECom_send_cmd return!
12-17 19:31:36.841  1046 26554 I Huawei_audio_cust: huawei_audio huawei_choose_HandsFree_device_incall_forHWtest: test Type =4
12-17 19:31:36.841   606  2379 E libteec : qsc_send_cmd finish
12-17 19:31:36.841  1046 26554 I Huawei_audio_cust: huawei_audio huawei_choose_Handset_device_incall_forHWtest: test Type =4
12-17 19:31:36.841   606  2379 E libteec : send data return = 192
12-17 19:31:36.841   835  2385 E libteec : receive data len = 192
12-17 19:31:36.841   835  2385 E libteec : begin
12-17 19:31:36.841   835  2385 E libteec : qsc_decode end
12-17 19:31:36.841   835  2385 I fpc_tac : fpc_tac_send_set_arbitrary_data_cmd:ok, response:0
12-17 19:31:36.841  1046 26554 I Huawei_audio_cust: get_spk_pa_type: pa is max98925
12-17 19:31:36.841  1046 26554 I Huawei_audio_cust: huawei_common_set_parameters: exit with code(0)
12-17 19:31:36.841   835  2385 D fingerprintd: onAcquired(2001)
12-17 19:31:36.841  1046 26554 V Huawei_audio_cust: huawei_cust_set_parameters: exit with code(0)
12-17 19:31:36.841  1046 26554 V msm8916_platform: platform_set_parameters: enter: - screen_state=off
12-17 19:31:36.841  1046 26554 V msm8916_platform: platform_set_parameters: exit with code(0)
12-17 19:31:36.841  1046 26554 D audio_hw_extn: audio_extn_set_anc_parameters: anc_enabled:0
12-17 19:31:36.841  1046 26554 D audio_hw_spkr_prot: audio_extn_fbsp_set_parameters: Speaker protection disabled
12-17 19:31:36.841   835  2385 E libteec : begin
12-17 19:31:36.841  1046 26554 V audio_hw_primary: adev_set_parameters: exit with code(0)
12-17 19:31:36.841   606  2379 E libteec : receive data len = 128
12-17 19:31:36.841  1795 17831 W FingerprintService: onAcquired 1
12-17 19:31:36.841  1795  2326 W FingerprintService: onAcquired 2
12-17 19:31:36.841  2852  2852 W HwPhoneLayoutInflater: onCreateView : ClassNotFoundException, In this case we want to let the base class take a crack at it
12-17 19:31:36.843  1795  1795 I AlarmManager: set(PendingIntent{2f9e644: PendingIntentRecord{527f32d android broadcastIntent}}) : type=2 triggerAtTime=447093207 win=300000 tElapsed=447093207 maxElapsed=447393207 interval=0 flags=0x8
12-17 19:31:36.845  1795  1795 D HwPFWLogger: PFW.HwPFWService:mBroadcastReceiver action = android.intent.action.SCREEN_OFF
12-17 19:31:36.845  1795  2708 D HwPFWLogger: PFW.HwPFWService:handle PFW_MSG_SYSTEM
12-17 19:31:36.845  1795  2708 D HwPFWLogger: PFW.HwPFWAppRestartPolicy:receive action = android.intent.action.SCREEN_OFF
12-17 19:31:36.847  1795  1795 D WifiService: onReceive, action:android.intent.action.SCREEN_OFF
12-17 19:31:36.847  1795  2670 D WifiController: DeviceActiveState{ when=-1ms what=155651 target=com.android.internal.util.StateMachine$SmHandler }
12-17 19:31:36.847  1795  2670 D WifiController: StaEnabledState what=155651
12-17 19:31:36.847  1795  2670 D WifiController: DefaultState what=155651
12-17 19:31:36.847  1795  2670 D WifiController: wifiSleepPolicy:1
12-17 19:31:36.847  1795  2670 D WifiController: set idle timer: 1800000 ms
12-17 19:31:36.847  1795  2670 I AlarmManager: set(PendingIntent{50e3a01: PendingIntentRecord{a8130a6 android broadcastIntent}}) : type=0 triggerAtTime=1481976096847 win=0 tElapsed=444633210 maxElapsed=444633210 interval=0 flags=0x9
12-17 19:31:36.853  1795  2736 E hwintelligencewifi:  DefaultState MSG_SCREEN_OFF mIsAutoOpenSearch = false
12-17 19:31:36.853  1795  2377 I IO.IOStatsService: onReceive:screen off
12-17 19:31:36.854  2852  2852 W HwPhoneLayoutInflater: onCreateView : ClassNotFoundException, In this case we want to let the base class take a crack at it
12-17 19:31:36.855  2852  2852 W HwPhoneLayoutInflater: onCreateView : ClassNotFoundException, In this case we want to let the base class take a crack at it
12-17 19:31:36.856  1795  2377 I IO.IOStatsService: saveIOStatsAndLatestUids,the time interval is too shorter than the last screen off
12-17 19:31:36.857  2883  2883 D HwKeyguardManagerImpl: isLockScreenDisabled HwKeyguardManagerImpl result = false
12-17 19:31:36.858  1795  3238 D PowerManagerService: acquire lock=184063844, flags=0x1, tag="NetworkStats", name=android, ws=null, uid=1000, pid=1795
12-17 19:31:36.858  1795  3238 D PowerManagerService: ready=true,policy=0,wakefulness=0,wksummary=0x11,uasummary=0x0,bootcompleted=true,boostinprogress=false,waitmodeenable=false,mode=true,manual=33,auto=-1,adj=0.0userId=0
12-17 19:31:36.860   606  2379 E libteec : QSEECom_send_cmd return!
12-17 19:31:36.860   606  2379 E libteec : qsc_send_cmd finish
12-17 19:31:36.860   606  2379 E libteec : send data return = 128
12-17 19:31:36.861   835  2385 E libteec : receive data len = 128
12-17 19:31:36.861   835  2385 E libteec : begin
12-17 19:31:36.861   835  2385 E libteec : qsc_decode end
12-17 19:31:36.861  2852  2852 W HwPhoneLayoutInflater: onCreateView : ClassNotFoundException, In this case we want to let the base class take a crack at it
12-17 19:31:36.861  1795  3238 D NetdConnector: SND -> {11591 bandwidth gettetherstats}
12-17 19:31:36.861  2852  2852 W HwPhoneLayoutInflater: onCreateView : ClassNotFoundException, In this case we want to let the base class take a crack at it
12-17 19:31:36.862  1795  2665 D NetdConnector: RCV <- {200 11591 Tethering stats list completed}
12-17 19:31:36.863  2883  2883 I HwSystemManager: AntiMalManager:receive Broadcast ACTION_SCREEN_OFF mOnTimeSum:260909299 onTime:535958 isPowerConnected:false
12-17 19:31:36.863  1795  2665 D NetdConnector: RCV <- {200 11591 Tethering stats list completed}
12-17 19:31:36.864  2883  2883 I HwSystemManager: AutoCleanReceiveServer:receive action:android.intent.action.SCREEN_OFF
12-17 19:31:36.864  5215  5215 D wpa_supplicant: wpa_driver_nl80211_driver_cmd SETSUSPENDMODE 1 len = 0, 4096
12-17 19:31:36.864  5215  5215 D wpa_supplicant: CTRL-DEBUG: global_ctrl_sock-sendto: sock=16 sndbuf=229376 outq=0 send_len=3
12-17 19:31:36.865  1795  2671 D PowerManagerService: release:lock=244575063, flg=0x0, tag="WifiSuspend", name=android", ws=null, uid=1000, pid=1795
12-17 19:31:36.865  2883  2883 I HwSystemManager: AutoCleanReceiveServer:telemamanger state isIdle:true
12-17 19:31:36.865  2883  2883 I HwSystemManager: AutoCleanReceiveServer:checkToStartCleanService,phone is use state,phone is use,need not start clean service
12-17 19:31:36.865  1795  2671 D PowerManagerService: ready=true,policy=0,wakefulness=0,wksummary=0x11,uasummary=0x0,bootcompleted=true,boostinprogress=false,waitmodeenable=false,mode=true,manual=33,auto=-1,adj=0.0userId=0
12-17 19:31:36.867  1795  3238 W NetworkStatsFactory: mStatsXtProcUid: /proc/net/comm/stats does not exist!
12-17 19:31:36.867  1795  3238 D HwNetworkStatsService: mActiveIface: null
12-17 19:31:36.869  1795  3238 I SendBroadcastPermission: action:com.android.server.action.NETWORK_STATS_UPDATED, mPermissionType:0
12-17 19:31:36.870  1795  3238 I HwActivityManagerService: Split enqueueing broadcast [callerApp]:ProcessRecord{34bf34f 0:system/1000}
12-17 19:31:36.870  1795  3238 D PowerManagerService: release:lock=184063844, flg=0x0, tag="NetworkStats", name=android", ws=null, uid=1000, pid=1795
12-17 19:31:36.870  1795  3238 D PowerManagerService: ready=true,policy=0,wakefulness=0,wksummary=0x10,uasummary=0x0,bootcompleted=true,boostinprogress=false,waitmodeenable=false,mode=true,manual=33,auto=-1,adj=0.0userId=0
12-17 19:31:36.870  1795  3238 D PowerManagerService: Releasing suspend blocker "PowerManagerService.WakeLocks".
12-17 19:31:36.871  1795  3077 D GnssLocationProvider: receive broadcast intent, action: android.intent.action.SCREEN_OFF
12-17 19:31:36.871  1795  3077 I GnssLocationProvider: updateLowPowerMode,isPowerSaveMode:falseisInteractive:false
12-17 19:31:36.871  1795  3077 I GnssLocationProvider: disableGps:false  isEnabled()=true
12-17 19:31:36.872  2852  2852 W HwPhoneLayoutInflater: onCreateView : ClassNotFoundException, In this case we want to let the base class take a crack at it
12-17 19:31:36.873  2852  2852 W HwPhoneLayoutInflater: onCreateView : ClassNotFoundException, In this case we want to let the base class take a crack at it
12-17 19:31:36.874  2852  3361 I vol.VolumeDialogControl: C onScreenOff 
12-17 19:31:36.877  3168  3168 I CHR_TelStatusListenr0: [Timer rat:0 level:5] suspend
12-17 19:31:36.877  3168  3168 I CHR_TelStatusListenr0: [Timer serviceState:0 simReady:true] suspend
12-17 19:31:36.877  3168  3168 I CHR_TelStatusListenr1: [Timer serviceState:1 simReady:false] suspend
12-17 19:31:36.877  3168  3168 I CHR_TelphonyStatusService: duration: 495877 STATUS_REPORT_TIMESPAN: 86400000 / (1000 * 60 * 60 * 24) day STATUS_REPORT_TIMESPAN_FOR_BETA: 21600000 / (1000 * 60 * 60 * 24) day
12-17 19:31:36.877  3168  3168 I CHR_ChrUtil: is Beta User, userType = 3
12-17 19:31:36.880  2883  3040 I HwSystemManager: TrafficNotifyAfterLocked:mLockStartTraffic = 0;mLockStartTrafficList = {}
12-17 19:31:36.883  2852  3556 I NetworkController.MobileSignalController(0): onDataActivity: direction=0
12-17 19:31:36.883  2852  3556 I SystemUIIdleHandler: enter addToIdleMessage(type:1001), mainloop is busy, add to idleMessage
12-17 19:31:36.883  2852  3556 I NetworkController.MobileSignalController(0): onDataActivity: direction=0
12-17 19:31:36.883  2852  3556 I SystemUIIdleHandler: enter addToIdleMessage(type:1001), mainloop is busy, add to idleMessage
12-17 19:31:36.888  2852  2852 W HwPhoneLayoutInflater: onCreateView : ClassNotFoundException, In this case we want to let the base class take a crack at it
12-17 19:31:36.888  2883  2996 E HwSystemManager: SimCardMethod:/getSimCardInfo: imsi is null
12-17 19:31:36.889  2852  2852 W HwPhoneLayoutInflater: onCreateView : ClassNotFoundException, In this case we want to let the base class take a crack at it
12-17 19:31:36.898  2883  2996 I HwSystemManager: NormalTrafficAnalysis:alert byte = 0 last alert byte = 0
12-17 19:31:36.898  2883  2996 E HwSystemManager: NormalTrafficAnalysis:alert byte = 0, so return
12-17 19:31:36.905  3218  6115 E HW-JPEG-DEC: [HME_JPEG_DEC_Delete](3298): HME_JPEG_DEC_Delete: decoder_ctx=null
12-17 19:31:36.911  2883  2996 I HwSystemManager: TafficState:default sub id = 0slotIndex = 0 subscriptionId = 0
12-17 19:31:36.915  2852  2852 W HwPhoneLayoutInflater: onCreateView : ClassNotFoundException, In this case we want to let the base class take a crack at it
12-17 19:31:36.916  2852  2852 W HwPhoneLayoutInflater: onCreateView : ClassNotFoundException, In this case we want to let the base class take a crack at it
12-17 19:31:36.917  2883  2996 E HwSystemManager: LeisureTrafficSetting:result is empty
12-17 19:31:36.922  2883  2996 I HwSystemManager: NatTrafficNotifyService:delta byte = 0 no traffic delta = 0Traffic state is 301
12-17 19:31:36.924  2852  2852 W HwPhoneLayoutInflater: onCreateView : ClassNotFoundException, In this case we want to let the base class take a crack at it
12-17 19:31:36.925  2852  2852 W HwPhoneLayoutInflater: onCreateView : ClassNotFoundException, In this case we want to let the base class take a crack at it
12-17 19:31:36.930  2883  2996 I HwSystemManager: ExtraTrafficSetting:result is empty
12-17 19:31:36.942  2852  2852 W HwPhoneLayoutInflater: onCreateView : ClassNotFoundException, In this case we want to let the base class take a crack at it
12-17 19:31:36.943  2852  2852 W HwPhoneLayoutInflater: onCreateView : ClassNotFoundException, In this case we want to let the base class take a crack at it
12-17 19:31:36.950  2883  2996 I HwSystemManager: ITrafficInfo:ITrafficInfo create 301updateBytes = 1769320345
12-17 19:31:36.952  2852  2852 W HwPhoneLayoutInflater: onCreateView : ClassNotFoundException, In this case we want to let the base class take a crack at it
12-17 19:31:36.952  2852  2852 W HwPhoneLayoutInflater: onCreateView : ClassNotFoundException, In this case we want to let the base class take a crack at it
12-17 19:31:36.956  3608  3608 D InCall  : InCallPresenter - notifyInCallScreenIsForeground: false
12-17 19:31:36.956  3608  3608 I SendBroadcastPermission: action:InCallScreenIsForegroundActivity, mPermissionType:0
12-17 19:31:36.957  1795 11745 I HwActivityManagerService: Split enqueueing broadcast [callerApp]:ProcessRecord{ec55919 3608:com.android.incallui/1001}
12-17 19:31:36.958  2852  2852 W HwPhoneLayoutInflater: onCreateView : ClassNotFoundException, In this case we want to let the base class take a crack at it
12-17 19:31:36.958  2852  2852 W HwPhoneLayoutInflater: onCreateView : ClassNotFoundException, In this case we want to let the base class take a crack at it
12-17 19:31:36.962  1795  1809 I HwPhoneWindowManager: OverscanTimeout run
12-17 19:31:36.965  2852  2852 W HwPhoneLayoutInflater: onCreateView : ClassNotFoundException, In this case we want to let the base class take a crack at it
12-17 19:31:36.966  2852  2852 W HwPhoneLayoutInflater: onCreateView : ClassNotFoundException, In this case we want to let the base class take a crack at it
12-17 19:31:36.969  2852  2852 I HwExpandableNotificationRowHelper: unclear notification ,notificationPkgName:com.android.incallui key:0|com.android.incallui|2|null|1001
12-17 19:31:36.970  2852  2852 D StatusBar: No peeking: unimportant notification: 0|com.android.incallui|2|null|1001
12-17 19:31:36.970  2852  2852 I NotificationGroupManager: onEntryAdded:0|com.android.incallui|2|null|1001, group=0|com.android.incallui|2|null|1001
12-17 19:31:36.970  2852  2852 I HwPhoneStatusBar: updateNotificationShade
12-17 19:31:36.970  2852  2852 I PhoneStatusBar: updateNotificationShade
12-17 19:31:36.970  2852  2852 I PhoneStatusBar: removeNotificationChildren
12-17 19:31:36.972  2852  2852 I StackScroller: generateAddAnimation:null, false
12-17 19:31:36.973  2852  2852 I StackScroller: generateAddAnimation:null, false
12-17 19:31:36.973  2852  2852 I HwNotificationIconAreaController: showNotificationAll
12-17 19:31:36.973  1795 17832 I NotificationManager: onNotificationExpansionChanged called
12-17 19:31:36.974  1795  3884 I NotificationManager: onNotificationExpansionChanged called
12-17 19:31:36.974  2852  2852 D ReporterUtil:  e id:344 type:{pkg:com.android.incallui}
12-17 19:31:36.974  2852  2852 V KeyguardUpdateMonitor: KGSvcFp onAuthenticationAcquired.2001
12-17 19:31:36.974  2852  2852 I vol.VolumeDialog: VolumeDialogController.Callbacks onScreenOff
12-17 19:31:36.974  2852  2852 I PowerUI : onReceive intent:act:android.intent.action.SCREEN_OFF  flag:1342177296 
12-17 19:31:36.975  1795  1795 I TrafficMonitor: update:rxPkts:5,txPkts:6,rxBytes:954,txBytes:427
12-17 19:31:36.975  1795  1795 I TrafficMonitor: start expired. level:-1
12-17 19:31:36.975  1795  1795 I TrafficMonitor: gettimer:interval=2000
12-17 19:31:36.975  2852  2852 D DateTimeView: Change to single clock mode!
12-17 19:31:36.977  2852  2852 D DateTimeView: Change to single clock mode!
12-17 19:31:36.980  2852  2852 I BackgrounCallingLayout: simCount:2 phoneState:2
12-17 19:31:36.980  2852  2852 I BackgrounCallingLayout: mCallingStatusReceiver:onReceive::action=InCallScreenIsForegroundActivity, isForegroundActivity=false, mPhoneState=2
12-17 19:31:36.982  2852  2852 I BackgrounCallingLayout: simCount:2 phoneState:2
12-17 19:31:36.982  2852  2852 I BackgrounCallingLayout: updateCallLayout:isBackground=false, isInteractive=false
12-17 19:31:36.983  2852  2852 W HwPhoneStatusBar: mNotifyStateChangedReceiver do nothing
12-17 19:31:36.983  2852  2852 I HwPhoneStatusBar: mNotifyStateChangedReceiver::onReceive:action=InCallScreenIsForegroundActivity, mBackgroundState=false
12-17 19:31:36.988  2852  2852 I BadgedIconHelper: isCloneProcess = false
12-17 19:31:36.989  2852  2852 I BadgedIconHelper: isCloneProcess = false
12-17 19:31:36.994  2852  2852 I NotificationContentView: transferRemoteInputFocus: 0
12-17 19:31:36.995  2852  2852 I NotificationContentView: transferRemoteInputFocus: 0
12-17 19:31:36.996  2852  2852 I StackScrollAlgorithm: overlapAmount:763.6, previousNotificationEnd:607.0, newYTranslation:-156.59998, location:2, i:1, getTopPadding:499.0, getLocationOnScreen():-36
12-17 19:31:36.996  2852  2852 I StackScrollAlgorithm: updateClipping isOverlap:true
12-17 19:31:36.996  2852  2852 I StackScrollAlgorithm: updateDimmedActivatedHideSensitive overlap:true
12-17 19:31:36.996  2852  2852 I NotificationContentView: transferRemoteInputFocus: 1
12-17 19:31:36.997  2852  2852 I HwExpandableNotificationRowHelper: unclear notification ,notificationPkgName:com.android.incallui key:0|com.android.incallui|2|null|1001
12-17 19:31:36.997  2852  2852 I ActivatableNotificationView: setOverlap mOverlap:true, mDimmed:false
12-17 19:31:36.997  2852  2852 I ActivatableNotificationView: setOverlap mOverlap:true, mDimmed:false
12-17 19:31:36.999  3180  3332 I WakelockMonitor: start wakelock monitor.
12-17 19:31:36.999  3180  3578 I ScreenLockClean: call busy and not start clean apps.
12-17 19:31:37.000  3180  3578 I ash     : ash->screen off
12-17 19:31:37.001  3180  3578 I ash     : Default InputMethod : com.baidu.input_huawei
12-17 19:31:37.001  3180  3578 I ash     : screen off inputmethod, delay to hibernation
12-17 19:31:37.001  3180  3578 I ThermalStateManager: handle action thermal policy:301
12-17 19:31:37.002  1795  3957 E IzatSvc_OSObserver: I/LocTech-Label :: OSOBSERVER :: Data Items In
12-17 19:31:37.002  1795  3957 E IzatSvc_OSObserver: I/LocTech-Value :: Data Item Value: IS_SCREEN_ON: false
12-17 19:31:37.012  3879  3879 I HwLauncher: Launcher receiver screen off broadcast sendmessage true
12-17 19:31:37.014  2852  2852 D NetworkController.MobileSignalController(0): mSimSubId:0 onDataActivity: direction=0
12-17 19:31:37.018  1795  2396 I AlarmManager: set(PendingIntent{1bbe01d: PendingIntentRecord{601e5f3 com.huawei.indexsearch.observer broadcastIntent}}) : type=2 triggerAtTime=443433381 win=60000 tElapsed=443433381 maxElapsed=443493381 interval=0 flags=0x8
12-17 19:31:37.026  3180  4303 I AwareLog: MemoryRecoveryDMEPlugin: reportScene typeId = 2002
12-17 19:31:37.026  3180  4303 I AwareLog: MemoryRecoveryDMEPlugin: receive sceen off event
12-17 19:31:37.031  3626  3626 I HourObserver: enter into handleScrnOnOffTimeStats, scrnOn = false, mIsPreScrnOn = true, mScrnSwitchTime = 1481974296249, occurTime = 1481974297030, delta = 781, mScrnOffAccTime = 1727581, mScrnOnAccTime = 104251
12-17 19:31:37.031  3626  3626 I HourObserver: left handleScrnOnOffTimeStats, mScrnOffAccTime = 1727581, mScrnOffAccTime = 1727581, mScrnOnAccTime = 105032
12-17 19:31:37.035  3626  3626 I iMonitor: create: 903001010
12-17 19:31:37.037  3626  3626 I iMonitor: send: 903001010
12-17 19:31:37.038   818  1152 I logserver: handle_exception_events enter
12-17 19:31:37.039  3626  3770 I LSC_903001010: process buffer and get message
12-17 19:31:37.042  7741  7741 D Mms_TX_NOTIFY: Get no-perm notification callback android.intent.action.SCREEN_OFF
12-17 19:31:37.047  3626  3753 I LogCollectService: msg = 103 received
12-17 19:31:37.050  3466  3466 I Contacts: DialpadFragment mBroadcastReceiver action:android.intent.action.SCREEN_OFF
12-17 19:31:37.059  1795  2778 D StubTelephonyRegistry: uid:10028 pid:16628 PhoneStateListener.LISTEN_CELL_LOCATION:16 events:0
12-17 19:31:37.089 10324 10324 D MagicLink: MagicLink2-BroadcastReceiver:====>ACTION_SCREEN_OFF
12-17 19:31:37.115  1795  2332 I qti_sensors_hal: [ACC]processReportInd: X: 7.841397 Y: 5.652548 Z: -1.924242  x_offset:0.160831 y_offset:0.184366 z_offset:0.985027
12-17 19:31:37.126  1795  1795 D PowerManagerService: Releasing suspend blocker "PowerManagerService.Broadcasts".
12-17 19:31:37.131  1795 11746 W ActivityManager: getRunningAppProcesses: caller 10105 does not hold REAL_GET_TASKS; limiting output
12-17 19:31:37.141   818  1086 E iMonitor: dropped event (cpu0) 
12-17 19:31:37.141   818  1086 E iMonitor: setTracingEnabled:0
12-17 19:31:37.141   818  1086 E iMonitor: error writing to /sys/kernel/debug/tracing/trace_marker: Bad file descriptor (9)
12-17 19:31:37.311  1795  2332 I qti_sensors_hal: [ACC]processReportInd: X: 7.637418 Y: 5.440726 Z: -1.166909  x_offset:0.160831 y_offset:0.184366 z_offset:0.985027
12-17 19:31:37.318   818  1086 E iMonitor: setTracingEnabled:1
12-17 19:31:37.318   818  1086 E iMonitor: Systrace:: buffer is full and will reset.
12-17 19:31:37.368 31949 31967 I TCP     : msg.recv{4791} TcpClientThread.onRecv(TcpClientThread.java:515) TCP Msg 659TCP_OK
12-17 19:31:37.369 31949 31967 I ECS     : msg.recv{4791} XmlMsg.decodeBuf(XmlMsg.java:237) RECV 663 bytes [12]_00_03_02_05_01_04_81_AE_AE_C5_08_4E cmdCode(CC_PCheckVersion.0x0501)msgType(MT_ACK.2)msgClass(MC_Push.5)sender(ST_Mobile.0)crypted(false)zipped(false)nobase64(true)length(659)version(3)sno(81AE)
12-17 19:31:37.401  2852  2852 D DateTimeView: Change to single clock mode!
12-17 19:31:37.403  2852  2852 D DateTimeView: Change to single clock mode!
12-17 19:31:37.507  1795  2332 I qti_sensors_hal: [ACC]processReportInd: X: 8.931897 Y: 5.527030 Z: -0.595051  x_offset:0.160831 y_offset:0.184366 z_offset:0.985027
12-17 19:31:37.541  3782 20159 V AudioManager: isMusicActive...
12-17 19:31:37.542  3782 20159 V AudioManager: isWiredHeadsetOn...
12-17 19:31:37.654   633   692 I eSpaceService: Watch Thread{4481} WatchThread.onLoop(WatchThread.java:94) watch thread onLoop... 
12-17 19:31:37.655   633   692 I eSpaceService: Watch Thread{4481} WatchThread.onLoop(WatchThread.java:98) watch thread onLoop...--》 iWatched.doWatch() 
12-17 19:31:37.704  1795  2332 I qti_sensors_hal: [ACC]processReportInd: X: 7.747251 Y: 5.252448 Z: 1.298289  x_offset:0.160831 y_offset:0.184366 z_offset:0.985027
12-17 19:31:37.707  5224  5224 I Step_LSC: 20002302|onStandStepChanged 65556
12-17 19:31:37.707  5224  5224 I Step_LSC: 20002302|compensate received
12-17 19:31:37.709  5224  5283 I Step_DataCache: 20002302|getTodayTotalSteps 4180
12-17 19:31:37.709  5224  5283 I Step_ExtendStepDataManager: 20002302|before compensate: cache step_4180
12-17 19:31:37.710  5224  5283 I Step_DataCache: 20002302|getTodayTotalSteps 4180
12-17 19:31:37.711  5224  5283 I Step_ExtendStepDataManager: 20002302|compensate 24699571 6
12-17 19:31:37.712  5224  5283 I Step_DataCache: 20002302|getTodayTotalSteps 4181
12-17 19:31:37.712  5224  5283 I Step_ExtendStepDataManager: 20002302|after compensate: cache step_4181
12-17 19:31:37.807  5224  5283 I Step_LSC: 20002302|REPORT : 4181 89378 2980 0
12-17 19:31:37.808  5224  5283 I SendBroadcastPermission: action:android.com.huawei.bone.NOTIFY_SPORT_DATA, mPermissionType:0
12-17 19:31:37.809  5224  5283 I SendBroadcastPermission: action:android.com.huawei.bone.NOTIFY_SPORT_DATA, mPermissionType:0
12-17 19:31:37.810  1795  3884 I HwActivityManagerService: Split enqueueing broadcast [callerApp]:ProcessRecord{580cfb2 5224:com.huawei.health:DaemonService/u0a99}
12-17 19:31:37.812  2852  2852 I EventCenter: EventCenter Get :android.com.huawei.bone.NOTIFY_SPORT_DATA
12-17 19:31:37.812  2852  2852 D StepCounterView: onStepCounterChange stepsNum:4181
12-17 19:31:37.812  5224  5283 I Step_HSNH: 20002302|upDateHealthNotification()|89|2.98|4181
12-17 19:31:37.813  5224  5283 I Step_HSNH: 20002302|rebuild notification
12-17 19:31:37.816  1795 16232 I NotificationManager: enqueueNotificationInternal: pkg=com.huawei.health id=10010 notification=Notification(pri=0 contentView=null vibrate=null sound=null defaults=0x0 flags=0x2 color=0x00000000 vis=PRIVATE)
12-17 19:31:37.817  1795  1795 I NotificationManager: enqueueNotificationInternal: n.getKey = 0|com.huawei.health|10010|null|10099
12-17 19:31:37.817  1795  1795 V NotificationService: disableEffects=null canInterrupt=false once update: false
12-17 19:31:37.819  2852  2852 I StatusBar: onNotificationPosted: StatusBarNotification(pkg=com.huawei.health user=UserHandle{0} id=10010 tag=null key=0|com.huawei.health|10010|null|10099: Notification(pri=0 contentView=null vibrate=null sound=null defaults=0x0 flags=0x62 color=0x00000000 vis=PRIVATE)) important=2, post=1481974297816, when=1481531589202, vis=0, userid=0
12-17 19:31:37.820  2852  2852 D StatusBar: updateNotification(StatusBarNotification(pkg=com.huawei.health user=UserHandle{0} id=10010 tag=null key=0|com.huawei.health|10010|null|10099: Notification(pri=0 contentView=null vibrate=null sound=null defaults=0x0 flags=0x62 color=0x00000000 vis=PRIVATE)))
12-17 19:31:37.821  2852  2852 D HwCust  : Create obj success use class android.app.HwCustNotificationImpl
12-17 19:31:37.822  2852  2852 I StatusBarIconView: updateTint: tint=0
12-17 19:31:37.822  2852  2852 D StatusBar: No peeking: unimportant notification: 0|com.huawei.health|10010|null|10099
12-17 19:31:37.822  2852  2852 D StatusBar: applyInPlace=true shouldPeek=false alertAgain=true
12-17 19:31:37.822  2852  2852 I NotificationGroupManager: onEntryUpdated:0|com.huawei.health|10010|null|10099
12-17 19:31:37.822  2852  2852 I NotificationGroupManager: onEntryAdded:0|com.huawei.health|10010|null|10099, group=0|com.huawei.health|10010|null|10099
12-17 19:31:37.823  2852  2852 D StatusBar: reusing notification for key: 0|com.huawei.health|10010|null|10099
12-17 19:31:37.823  2852  2852 D HwCust  : Create obj success use class android.app.HwCustNotificationImpl
12-17 19:31:37.823  2852  2852 D HwCust  : Create obj success use class android.app.HwCustNotificationImpl
12-17 19:31:37.824  2852  2852 I StatusBarIconView: updateTint: tint=0
12-17 19:31:37.832  2852  2852 I HwPhoneStatusBar: updateNotificationShade
12-17 19:31:37.832  2852  2852 I PhoneStatusBar: updateNotificationShade
12-17 19:31:37.832  2852  2852 I PhoneStatusBar: removeNotificationChildren
12-17 19:31:37.832  2852  2852 I HwNotificationIconAreaController: showNotificationAll
12-17 19:31:37.842  2852  2852 I NotificationContentView: transferRemoteInputFocus: 0
12-17 19:31:37.842  2852  2852 I NotificationContentView: transferRemoteInputFocus: 0
12-17 19:31:37.843  2852  2852 I StackScrollAlgorithm: overlapAmount:763.6, previousNotificationEnd:607.0, newYTranslation:-156.59998, location:2, i:1, getTopPadding:499.0, getLocationOnScreen():-36
12-17 19:31:37.843  2852  2852 I StackScrollAlgorithm: updateClipping isOverlap:true
12-17 19:31:37.843  2852  2852 I StackScrollAlgorithm: updateDimmedActivatedHideSensitive overlap:true
12-17 19:31:37.900  1795  2332 I qti_sensors_hal: [ACC]processReportInd: X: 7.951230 Y: 5.487799 Z: 1.893325  x_offset:0.160831 y_offset:0.184366 z_offset:0.985027
12-17 19:31:37.902  7741  7758 D TmoMonitor: Cache monitor msg as screen_off
12-17 19:31:37.919  1795  2371 E huawei_ProximitySensor_CPP_Test: ProximitySensor: 9 is far event,0 is close event,value = 9.000000
12-17 19:31:37.919  1795  2371 I huawei_ProximitySensor_CPP_Test: readEvents:345: ProximitySensor: getTimestamp,mPendingEvent.timestamp =1679699301 
12-17 19:31:37.919  1795  1795 I HwScreenOnProximityLock: removeProximityView success vp android.view.ViewRootImpl@eb57292
12-17 19:31:37.919  1795  1825 D DisplayPowerController: handleProximitySensorEvent positive:false
12-17 19:31:37.919  1795  1825 D PowerManagerService: Acquiring suspend blocker "PowerManagerService.Display".
12-17 19:31:37.919  1795  1825 I PowerManager_screenOn: DisplayPowerController updatePowerState mPendingRequestLocked=policy=OFF, useProximitySensor=true, useProximitySensorbyPhone=true, screenBrightness=33, screenAutoBrightnessAdjustment=0.0, brightnessSetByUser=true, useAutoBrightness=true, blockScreenOn=false, lowPowerMode=false, boostScreenBrightness=false, dozeScreenBrightness=-1, dozeScreenState=UNKNOWN, useTwilight=false, useSmartBacklight=true, brightnessWaitMode=false, brightnessWaitRet=true, screenAutoBrightness=-1, userId=0
12-17 19:31:37.920  1795  1825 I WindowManger_keyguard: Screen turned off...
12-17 19:31:37.920  1795  1825 V KeyguardServiceDelegate: onScreenTurnedOff()
12-17 19:31:37.920  1795  1825 I WindowManger_keyguard: onScreenTurnedOff()
12-17 19:31:37.920  1795  1795 D Sensors : batch called handle:2 sample_ns:20000000 latency_ns:0
12-17 19:31:37.920  1795  1795 D Sensors : pa2240-proximity calling driver setDelay 20 ms
12-17 19:31:37.920  1795  1795 E huawei_ProximitySensor_CPP_Test: write 20 failed
12-17 19:31:37.920  2852  2866 D KeyguardService: Caller checkPermission fail
12-17 19:31:37.920  2852  2866 D KeyguardService: KGSvcCall onScreenTurnedOff.
12-17 19:31:37.920  2852  2866 D KeyguardViewMediator: notifyScreenTurnedOff
12-17 19:31:37.920  1795  1825 W HwScreenOnProximityLock: releaseLock: return because sensor listener is held = false
12-17 19:31:37.920  1795  1825 D HwNormalizedAutomaticBrightnessController: set power status:mPowerStatus=true,powerStatus=false
12-17 19:31:37.920  1795  1825 D DisplayPowerController: Animating brightness: target=0, rate=0
12-17 19:31:37.921  1795  1825 I PowerManager_screenOn: PowerManagerServiceonProximityNegative -> updatePowerStateLocked
12-17 19:31:37.921  2852  2852 D KeyguardViewMediator: handleNotifyScreenTurnedOff
12-17 19:31:37.921  1795  1825 D PowerManagerService: userActivityNoUpdateLocked: eventTime=123011092, event=0, flags=0x0, uid=1000
12-17 19:31:37.921  1795  1825 I PowerManager_screenOn: PowerManagerNotifier onUserActivity: event=0, uid=1000
12-17 19:31:37.921  1795  1825 I PowerManager_screenOn: PowerManagerService wakeUpNoUpdateLocked: eventTime=123011093, uid=1000
12-17 19:31:37.921  1795  1825 I PowerManager_screenOn: PowerManagerService Waking up from sleep (uid 1000)...
12-17 19:31:37.921  1795  1825 I PowerManager_screenOn: PowerManagerNotifier onWakefulnessChangeStarted: wakefulness=1, reason=0, interactive=true, mInteractive=false, mInteractiveChanging=false
12-17 19:31:37.921  1795  1825 D PowerManagerService: Acquiring suspend blocker "PowerManagerService.Broadcasts".
12-17 19:31:37.921  1795  1825 I PowerManager_screenOn: PowerManagerNotifier onWakeUp: event=android.server.power:POWER, reasonUid=1000 opPackageName=android opUid=1000
12-17 19:31:37.921  1795  1825 D PowerManagerService: userActivityNoUpdateLocked: eventTime=123011093, event=0, flags=0x0, uid=1000
12-17 19:31:37.921  1795  1825 I PowerManager_screenOn: PowerManagerNotifier onUserActivity: event=0, uid=1000
12-17 19:31:37.921  1795  1795 I WindowManager: Destroying surface Surface(name=) called by com.android.server.wm.WindowStateAnimator.destroySurface:2056 com.android.server.wm.WindowStateAnimator.destroySurfaceLocked:907 com.android.server.wm.WindowState.removeLocked:1527 com.android.server.wm.WindowManagerService.removeWindowInnerLocked:2723 com.android.server.wm.WindowManagerService.removeWindowInnerLocked:2688 com.android.server.wm.WindowManagerService.removeWindowLocked:2677 com.android.server.wm.WindowManagerService.removeWindowLocked:2546 com.android.server.wm.WindowManagerService.removeWindow:2541 
12-17 19:31:37.921  1795  1825 I PowerManager_screenOn: PowerManagerServiceonProximityNegative by Phone
12-17 19:31:37.921  1795  1825 D PowerManagerService: setColorTemperatureAccordingToSetting
12-17 19:31:37.921  1795  1825 D HwPowerManagerService: setColorTemperatureAccordingToSetting
12-17 19:31:37.921  1795  1825 D HwPowerManagerService: isDisplayFeatureSupported feature:1
12-17 19:31:37.921  1795  1825 D HW_DISPLAY_EFFECT: hw_get_smart_display_supported: start++
12-17 19:31:37.921  1795  1825 D HW_DISPLAY_EFFECT: hw_get_smart_display_supported: end--
12-17 19:31:37.921  1795  1825 D HWPowerManger_JNI: Surport 3 dimension color temperature.
12-17 19:31:37.921  1795  1825 D HwPowerManagerService: setColorTemperatureAccordingToSetting new.
12-17 19:31:37.921  1795  1825 D HwPowerManagerService: ColorTemperature read from old setting:128
12-17 19:31:37.921  1795  1825 D HwPowerManagerService: setColorTemperature:128
12-17 19:31:37.921  1795  1825 D HW_DISPLAY_EFFECT: hw_set_colortemperature: start++
12-17 19:31:37.921  1795  1825 W HW_DISPLAY_EFFECT: Warning: hw_set_colortemperature is COLOR_TEMP_2_DIMENSION interface, not supported presently.
12-17 19:31:37.922  1795  1825 D HW_DISPLAY_EFFECT: hw_set_colortemperature: end--
12-17 19:31:37.922  1795  1825 D PowerManagerService: ready=false,policy=3,wakefulness=1,wksummary=0x10,uasummary=0x1,bootcompleted=true,boostinprogress=false,waitmodeenable=false,mode=true,manual=33,auto=-1,adj=0.0userId=0
12-17 19:31:37.922  1795  1825 I PowerManager_screenOn: DisplayPowerController updatePowerState mPendingRequestLocked=policy=BRIGHT, useProximitySensor=true, useProximitySensorbyPhone=true, screenBrightness=33, screenAutoBrightnessAdjustment=0.0, brightnessSetByUser=true, useAutoBrightness=true, blockScreenOn=false, lowPowerMode=false, boostScreenBrightness=false, dozeScreenBrightness=-1, dozeScreenState=UNKNOWN, useTwilight=false, useSmartBacklight=true, brightnessWaitMode=false, brightnessWaitRet=true, screenAutoBrightness=-1, userId=0
12-17 19:31:37.922  1795  1825 I PowerManager_screenOn: DisplayPowerStatesetScreenState: state=2
12-17 19:31:37.922  1795  1825 D FpDataCollector: DisplayPowerState :ON
12-17 19:31:37.923  1795  1795 I WindowManger_keyguard: Setting mDismissKeyguard true by win Window{e6a6b5e u0 com.android.incallui/com.android.incallui.InCallActivity}
12-17 19:31:37.924  1795  1795 I WindowManger_keyguard: Setting mDismissKeyguard true by win Window{e6a6b5e u0 com.android.incallui/com.android.incallui.InCallActivity}
12-17 19:31:37.932  1795  1825 I PowerManager_screenOn: DisplayPowerController Blocking screen on until initial contents have been drawn.
12-17 19:31:37.932  1795  1825 I WindowManger_keyguard: Screen turned on for keyguard
12-17 19:31:37.932  1795  1825 I PowerManager_screenOn: KeyguardServiceDelegate  onScreenTurnedOn(showListener = com.android.server.policy.PhoneWindowManager$3@bf53b21)
12-17 19:31:37.933  2852  3344 D KeyguardService: Caller checkPermission fail
12-17 19:31:37.933  2852  3344 D KeyguardService: KGSvcCall onScreenTurningOn.
12-17 19:31:37.933  2852  3344 D KeyguardViewMediator: notifyScreenOn
12-17 19:31:37.933  2852  2852 D KeyguardViewMediator: handleNotifyScreenTurningOn
12-17 19:31:37.933  2852  2852 I PhoneStatusBar: onScreenTurningOn
12-17 19:31:37.933  2852  2852 D KeyguardViewMediator: handleNotifyScreenTurnedOn End with : 2186
12-17 19:31:37.933  1795  1825 D HwNormalizedAutomaticBrightnessController: set power status:mPowerStatus=false,powerStatus=true
12-17 19:31:37.933  1795 16501 I WindowManger_keyguard: **** SHOWN CALLED ****
12-17 19:31:37.933  1795 16501 D WindowManager: mKeyguardDelegate.ShowListener.onDrawn.
12-17 19:31:37.933  1795 16501 I WindowManger_keyguard: hideScrim()
12-17 19:31:37.934  1795  1809 I PowerManager_screenOn: finishKeyguardDrawn -> waitForAllWindowsDrawn
12-17 19:31:37.934  1795  1825 D Sensors : batch called handle:3 sample_ns:300000000 latency_ns:0
12-17 19:31:37.934  1795  1825 D Sensors : activate called handle:3 enable:1
12-17 19:31:37.934  1795  1825 D Sensors : bh1745-light calling driver setDelay 300 ms
12-17 19:31:37.934  1795  1825 D Sensors : bh1745-light calling driver enable
12-17 19:31:37.934  1795  1825 W LightSensor: LightSensor, enable, 283: en=1
12-17 19:31:37.934  1795  1825 W LightSensor: LightSensor, enable, 284: flags=1
12-17 19:31:37.934  1795  1825 W LightSensor: LightSensor, enable, 285: mEnabled=0
12-17 19:31:37.937  1795  1825 D AutomaticBrightnessController: Enable LightSensor at time:mLightSensorEnableTime=123011109,mLightSensorEnableElapsedTimeNanos=442834297534683
12-17 19:31:37.937  1795  1825 D AutomaticBrightnessController: mAmbientLuxValid= false,sensor is not ready
12-17 19:31:37.937  1795  1825 D DisplayPowerController: mode change : autoBrightnessEnabled=true,adjustment=0.0,state=2
12-17 19:31:37.937  1795  1825 D HwNormalizedAutomaticBrightnessController: mWakeupFromSleep= true,currentTime=123011109,mLightSensorEnableTime=123011105
12-17 19:31:37.937  1795  1825 D DisplayPowerController: Animating brightness: target=-1, rate=0
12-17 19:31:37.937  1795  1825 D DisplayPowerController: Unfinished business...
12-17 19:31:37.937  1795  2750 I PowerManager_screenOn: DisplayPowerState Updating screen state: state=ON, backlight=0
12-17 19:31:37.937  1795  2750 D PowerManagerService: Setting HAL auto-suspend mode to false
12-17 19:31:37.937  1795  2750 D PowerManagerService: Setting HAL interactive mode to true
12-17 19:31:37.938  1795  2750 I QTI PowerHAL: Got set_interactive hint
12-17 19:31:37.938  1795  2750 D libfingersense_wrapper: Calling fingersense_on_resume()
12-17 19:31:37.938  1795  2750 D libfingersense_wrapper: fingersense_on_resume() finished
12-17 19:31:37.939   612   612 D SurfaceFlinger: Set power mode=2, type=0 flinger=0x7f9a25b400
12-17 19:31:37.939   612   612 I SDM     : HWCDisplay::SetPowerMode: display = 0, mode = 2
12-17 19:31:37.939   612   612 I SDM     : DisplayBase::SetDisplayState: Set state = 1, display 0
12-17 19:31:37.941   836  2387 I knuckle_sensor: Sending SAM_ENABLE to fs_data
12-17 19:31:37.942  1795  1795 I WindowManger_windowChange: oldFocusWindow: Window{3605848 u0 android}, currentFocusWindow: Window{e71ca6c u0 com.android.phone}, currentFocusApp: AppWindowToken{844a0b2 token=Token{2fd6a14 ActivityRecord{b46dc67 u0 com.android.incallui/.InCallActivity t310}}}
12-17 19:31:37.943   836   928 I knuckle_sensor: Got ENABLE response, status = 0, id = 58
12-17 19:31:37.945  1795 11745 I WindowManger_keyguard: Setting mDismissKeyguard true by win Window{e6a6b5e u0 com.android.incallui/com.android.incallui.InCallActivity}
12-17 19:31:38.107  1795  2371 E LightSensor: read Events lux:  8.0
12-17 19:31:38.107  1795  1825 D AutomaticBrightnessController: ambient lux=8.0,timeStamp =442834470823000
12-17 19:31:38.108  1795  1825 D HwNormalizedAutomaticBrightnessController: mAmbientLuxValid=true,mWakeupFromSleep= false
12-17 19:31:38.108  1795  1825 D HwAmbientLuxFilterAlgo: updateAmbientLux: Initializing: mAmbientLightRingBuffer=[8.0 / 0ms], mAmbientLux=8.0
12-17 19:31:38.108  1795  1825 D HwAmbientLuxFilterAlgo: earliestValidTime + POWER_ON_BRIGHTENING_LIGHT_DEBOUNCE
12-17 19:31:38.108  1795  1825 D HwAmbientLuxFilterAlgo: earliestValidTime + POWER_ON_DARKENING_LIGHT_DEBOUNCE
12-17 19:31:38.108  1795  1825 D HwAmbientLuxFilterAlgo: t=123011279,BT=123011779,DT=123012279,BT1=123015279,DT1=123019279,Bn=false,Dn=false,lx=[8.0/123011279],mLx=8.0,s=5.0,ss=0.0,AuIntervened=false,mProximityState=false,bLux=23.4,dLux=0.0,bLux1=23.4,dLux1=0.0
12-17 19:31:38.108  1795  1825 D HwNormalizedAutomaticBrightnessController: need to update brightness: mAmbientLux=8.0
12-17 19:31:38.108  1795  1825 D HwNormalizedSpline: interpolate:mPosBrightness=0.0lux=8.0,mIsReboot=true,mIsUserChange=false,mDelta=0.0
12-17 19:31:38.108  1795  1825 D HwNormalizedSpline: offsetBrightness=16.16,mOffsetBrightness_last16.16,lux=8.0,mPosBrightness=0.0,mIsUserChange=false,mDelta=0.0,defaultBrightness=16.16,mStartLuxDefaultBrightness=16.16mLastLuxDefaultBrightness=16.16
12-17 19:31:38.109  1795  1825 D HwNormalizedSpline: write:userId=0,mPosBrightness =0.0,mOffsetBrightness_last=16.16,mIsUserChange=false,mDeltaNew=0.0,mStartLuxDefaultBrightness=16.16mLastLuxDefaultBrightness=16.16,mAmLux=8.0
12-17 19:31:38.109  1795  1825 D AutomaticBrightnessController: updateAutoBrightness: mScreenAutoBrightness=21, newScreenAutoBrightness=16
12-17 19:31:38.109  1795  1825 I PowerManager_screenOn: DisplayPowerController updatePowerState mPendingRequestLocked=policy=BRIGHT, useProximitySensor=true, useProximitySensorbyPhone=true, screenBrightness=33, screenAutoBrightnessAdjustment=0.0, brightnessSetByUser=true, useAutoBrightness=true, blockScreenOn=false, lowPowerMode=false, boostScreenBrightness=false, dozeScreenBrightness=-1, dozeScreenState=UNKNOWN, useTwilight=false, useSmartBacklight=true, brightnessWaitMode=false, brightnessWaitRet=true, screenAutoBrightness=-1, userId=0
12-17 19:31:38.109  1795  1825 D DisplayPowerController: Animating brightness: target=16, rate=0
12-17 19:31:38.109  1795  1825 I PowerManager_screenOn: DisplayPowerController updatePowerState mPendingRequestLocked=policy=BRIGHT, useProximitySensor=true, useProximitySensorbyPhone=true, screenBrightness=33, screenAutoBrightnessAdjustment=0.0, brightnessSetByUser=true, useAutoBrightness=true, blockScreenOn=false, lowPowerMode=false, boostScreenBrightness=false, dozeScreenBrightness=-1, dozeScreenState=UNKNOWN, useTwilight=false, useSmartBacklight=true, brightnessWaitMode=false, brightnessWaitRet=true, screenAutoBrightness=-1, userId=0
12-17 19:31:38.109  1795  1825 D DisplayPowerController: Animating brightness: target=16, rate=40
12-17 19:31:38.152  1795  2750 D SurfaceControl: Excessive delay in setPowerMode(): 213ms
12-17 19:31:38.156  1795  1809 I PowerManager_screenOn: waitForAllWindowsDrawn  cover is open or null
12-17 19:31:38.158  1795  1795 I WindowManger_keyguard: Setting mDismissKeyguard true by win Window{e6a6b5e u0 com.android.incallui/com.android.incallui.InCallActivity}
12-17 19:31:38.177  1795  1795 I WindowManger_keyguard: Setting mDismissKeyguard true by win Window{e6a6b5e u0 com.android.incallui/com.android.incallui.InCallActivity}
12-17 19:31:38.194  1795  1821 I DisplayManagerService: Display device changed state: "内置屏幕", ON
12-17 19:31:38.195  1795  1795 I WindowManger_keyguard: Setting mDismissKeyguard true by win Window{e6a6b5e u0 com.android.incallui/com.android.incallui.InCallActivity}
12-17 19:31:38.209  1795  1795 V HwPhoneWindowManager: updateSystemUiColorLw window=Window{e6a6b5e u0 com.android.incallui/com.android.incallui.InCallActivity},EmuiStyle=1,StatusBarColor=0x0,NavigationBarColor=0x0, mLastIsEmuiLightStyle=1
12-17 19:31:38.210  1795  1795 I WindowManger_keyguard: Setting mDismissKeyguard true by win Window{e6a6b5e u0 com.android.incallui/com.android.incallui.InCallActivity}
12-17 19:31:38.226  1795  1795 I ActivityManager_activity: completedResumed: ActivityRecord{b46dc67 u0 com.android.incallui/.InCallActivity t310}, launchTrack: outofsleep resumeTopComplete
12-17 19:31:38.229  1795  1795 I WindowManger_keyguard: Started waking up...
12-17 19:31:38.229  1795  1795 I WindowManger_keyguard: onStartedWakingUp()
