12-17 19:31:36.263  1795  1825 I PowerManager_screenOn: DisplayPowerStatesetColorFadeLevel: level=1.0
12-17 19:31:36.263  5224  5283 I SendBroadcastPermission: action:android.com.huawei.bone.NOTIFY_SPORT_DATA, mPermissionType:0
12-17 19:31:36.264  1795  1825 D DisplayPowerController: Animating brightness: target=21, rate=40
12-17 19:31:36.264  1795  1825 I PowerManager_screenOn: DisplayPowerController updatePowerState mPendingRequestLocked=policy=BRIGHT, useProximitySensor=true, useProximitySensorbyPhone=true, screenBrightness=33, screenAutoBrightnessAdjustment=0.0, brightnessSetByUser=true, useAutoBrightness=true, blockScreenOn=false, lowPowerMode=false, boostScreenBrightness=false, dozeScreenBrightness=-1, dozeScreenState=UNKNOWN, useTwilight=false, useSmartBacklight=true, brightnessWaitMode=false, brightnessWaitRet=true, screenAutoBrightness=-1, userId=0
12-17 19:31:36.264  1795  2750 I PowerManager_screenOn: DisplayPowerState Updating screen state: state=ON, backlight=823
12-17 19:31:36.264  1795  2750 I HwLightsService: back light level before map = 823
12-17 19:31:36.264  1795  1825 D DisplayPowerController: Animating brightness: target=21, rate=40
12-17 19:31:36.264  1795  1825 V KeyguardServiceDelegate: onScreenTurnedOn()
12-17 19:31:36.264  1795  1825 I WindowManger_keyguard: onScreenTurnedOn()
12-17 19:31:36.264  1795  1825 D DisplayPowerController: Display ready!
12-17 19:31:36.264  1795  1825 D DisplayPowerController: Finished business...
12-17 19:31:36.264  2852  3328 D KeyguardService: Caller checkPermission fail
12-17 19:31:36.264  2852  3328 D KeyguardService: KGSvcCall onScreenTurnedOn.
12-17 19:31:36.264  2852  3328 D KeyguardViewMediator: notifyScreenTurnedOn
12-17 19:31:36.265  2852  2852 D KeyguardViewMediator: handleNotifyScreenTurnedOn
12-17 19:31:36.265  2852  2852 I PhoneStatusBar: onScreenTurnedOn
12-17 19:31:36.265  2852  2852 D KGWallpaper_Magazine: getNextIndex: 0; from 5 to 5; size: 44
12-17 19:31:36.265  2852  2852 I HwLockScreenReporter: report msg is :{picture: Deepwater-05-2.3.001-bigpicture_05_8.jpg}
12-17 19:31:36.265  2852  2852 W HwLockScreenReporter: report result = falsereport type:162 msg:{picture: Deepwater-05-2.3.001-bigpicture_05_8.jpg, channelId: 05}
12-17 19:31:36.265  2852  2852 I OucScreenOnCounter: Screen already turned on at: 1481974212
12-17 19:31:36.267  5224  5283 I SendBroadcastPermission: action:android.com.huawei.bone.NOTIFY_SPORT_DATA, mPermissionType:0
12-17 19:31:36.270  1795 16500 I HwActivityManagerService: Split enqueueing broadcast [callerApp]:ProcessRecord{580cfb2 5224:com.huawei.health:DaemonService/u0a99}
12-17 19:31:36.271  2852  2852 I EventCenter: EventCenter Get :android.com.huawei.bone.NOTIFY_SPORT_DATA
12-17 19:31:36.275  7741  7741 D Mms_TX_NOTIFY: Get no-perm notification callback android.intent.action.SCREEN_ON
12-17 19:31:36.275  7741  7741 D Mms_TX_NOTIFY: ScreenState present
12-17 19:31:36.275  5224  5283 I Step_HSNH: 20002302|upDateHealthNotification()|89|2.98|4180
12-17 19:31:36.276  2883  2996 I HwSystemManager: ITrafficInfo:ITrafficInfo create 301updateBytes = 1769320345
12-17 19:31:36.278  5224  5283 I Step_HSNH: 20002302|rebuild notification
12-17 19:31:36.279  2852  2925 I EventCenter: ContentChange for slot: 1
12-17 19:31:36.279  2852  2852 I HwBrightnessController: onChange selfChange:false uri.toString():content://settings/system/screen_auto_brightness mIsObserveAutoBrightnessChange:true
12-17 19:31:36.279  1795  1825 D FpDataCollector: case xxx, not a fingerprint unlock 
12-17 19:31:36.280  1795  1825 D PowerManagerService: ready=true,policy=3,wakefulness=1,wksummary=0x11,uasummary=0x1,bootcompleted=true,boostinprogress=false,waitmodeenable=false,mode=true,manual=33,auto=-1,adj=0.0userId=0
12-17 19:31:36.280  1795  1825 I PowerManager_screenOn: PowerManagerNotifier onWakefulnessChangeFinished mInteractiveChanging=true, mInteractive=true
12-17 19:31:36.280  2852  2852 I HwBrightnessUtils: APS brightness=20.0,ConvertToPercentage=0.21667233
12-17 19:31:36.280  2852  2852 I HwBrightnessUtils:  getSeekBarProgress isAutoMode:true current brightness:20 percentage:0.21667233
12-17 19:31:36.280  2852  2852 I HwBrightnessController: updateSlider1 seekBarProgress:2167
12-17 19:31:36.280  2852  2852 I HwBrightnessController: updateSlider2 seekBarProgress:2167
12-17 19:31:36.280  2852  2852 I ToggleSlider:  mSeekListener onProgressChanged progress:2167 fromUser:false
12-17 19:31:36.281  2852  2852 I ToggleSlider:  mSeekListener onProgressChanged progress:2167 fromUser:false
12-17 19:31:36.282  3626  3753 I LogCollectService: msg = 103 received
12-17 19:31:36.283  1795 11747 I NotificationManager: enqueueNotificationInternal: pkg=com.huawei.health id=10010 notification=Notification(pri=0 contentView=null vibrate=null sound=null defaults=0x0 flags=0x2 color=0x00000000 vis=PRIVATE)
12-17 19:31:36.284  1795  1795 I NotificationManager: enqueueNotificationInternal: n.getKey = 0|com.huawei.health|10010|null|10099
12-17 19:31:36.285  1795  2750 D HW_DISPLAY_EFFECT: presently, hw_update_color_temp_for_rg_led interface not achieved.
12-17 19:31:36.285  3466  3466 I Contacts: DialpadFragment mBroadcastReceiver action:android.intent.action.SCREEN_ON
12-17 19:31:36.289  3608  3608 D InCall  : InCallActivity - mScreenOnReceiver mCallEndOptionsDialog = null
12-17 19:31:36.295  1795  1795 V NotificationService: disableEffects=null canInterrupt=false once update: false
12-17 19:31:36.297  2852  2852 I StatusBar: onNotificationPosted: StatusBarNotification(pkg=com.huawei.health user=UserHandle{0} id=10010 tag=null key=0|com.huawei.health|10010|null|10099: Notification(pri=0 contentView=null vibrate=null sound=null defaults=0x0 flags=0x62 color=0x00000000 vis=PRIVATE)) important=2, post=1481974296283, when=1481531589202, vis=0, userid=0
12-17 19:31:36.297  2852  2852 D StatusBar: updateNotification(StatusBarNotification(pkg=com.huawei.health user=UserHandle{0} id=10010 tag=null key=0|com.huawei.health|10010|null|10099: Notification(pri=0 contentView=null vibrate=null sound=null defaults=0x0 flags=0x62 color=0x00000000 vis=PRIVATE)))
12-17 19:31:36.298  2852  2852 D HwCust  : Create obj success use class android.app.HwCustNotificationImpl
12-17 19:31:36.299  2852  2852 I StatusBarIconView: updateTint: tint=0
12-17 19:31:36.300  2852  2852 D StatusBar: No peeking: unimportant notification: 0|com.huawei.health|10010|null|10099
12-17 19:31:36.301  2852  2852 D StatusBar: applyInPlace=true shouldPeek=false alertAgain=true
12-17 19:31:36.301  2852  2852 I NotificationGroupManager: onEntryUpdated:0|com.huawei.health|10010|null|10099
12-17 19:31:36.301  2852  2852 I NotificationGroupManager: onEntryAdded:0|com.huawei.health|10010|null|10099, group=0|com.huawei.health|10010|null|10099
12-17 19:31:36.301  2852  2852 D StatusBar: reusing notification for key: 0|com.huawei.health|10010|null|10099
12-17 19:31:36.301  2852  2852 D HwCust  : Create obj success use class android.app.HwCustNotificationImpl
12-17 19:31:36.301  2852  2852 D HwCust  : Create obj success use class android.app.HwCustNotificationImpl
12-17 19:31:36.302  2852  2852 I StatusBarIconView: updateTint: tint=0
12-17 19:31:36.304 16628 16628 I TotemWeather: RetryTaskController:mTaskList is null
12-17 19:31:36.311  2852  2852 I HwPhoneStatusBar: updateNotificationShade
12-17 19:31:36.311  2852  2852 I PhoneStatusBar: updateNotificationShade
12-17 19:31:36.311  2852  2852 I PhoneStatusBar: removeNotificationChildren
12-17 19:31:36.311  2852  2852 I HwNotificationIconAreaController: showNotificationAll
12-17 19:31:36.313 31949 31967 I PushService: main{1} PushService.onStartCommand(PushService.java:87) Push Service Start by  userEvent
12-17 19:31:36.313  1795  3247 D StubTelephonyRegistry: uid:10028 pid:16628 PhoneStateListener.LISTEN_CELL_LOCATION:16 events:16
12-17 19:31:36.313  1795  3247 D StubTelephonyRegistry: LISTEN_CELL_LOCATION uid:10028
12-17 19:31:36.314 31949 31967 I eSpaceService: WatchThread{4786} TcpCirChannel.shutdown(TcpCirChannel.java:257) Login_By_Step-> shut down now connect
12-17 19:31:36.315 31949 31967 I ECS     : WatchThread{4786} TcpClient.clearAll(TcpClient.java:240) ==================== TCP CLIENT CLEAR ALL ====================
12-17 19:31:36.316 31949 31967 I ECS     : WatchThread{4786} TcpClient.disconnect_i(TcpClient.java:202) ==================== TCP CLIENT DISCONNECT ====================
12-17 19:31:36.319   802   802 E Thermal-daemon: [Thermal_Hw] temperature_valid, battery : temperature is invalid, invalid temperatrue is 27
12-17 19:31:36.319   802   802 E Thermal-daemon: [Thermal_Hw] temperature_filter: get invalid temperature, use old temp
12-17 19:31:36.319  2852  2852 I NotificationContentView: transferRemoteInputFocus: 0
12-17 19:31:36.319  2852  2852 I NotificationContentView: transferRemoteInputFocus: 0
12-17 19:31:36.320  2852  2852 I StackScrollAlgorithm: updateClipping isOverlap:false
12-17 19:31:36.320  2852  2852 I StackScrollAlgorithm: updateDimmedActivatedHideSensitive overlap:false
12-17 19:31:36.322  1795  2332 I qti_sensors_hal: [ACC]processReportInd: X: 5.989713 Y: 7.132575 Z: 4.153480  x_offset:0.160831 y_offset:0.184366 z_offset:0.985027
12-17 19:31:36.326  1795  3225 I AlarmManager: remove(PendingIntent{200e965: PendingIntentRecord{7f86237 com.huawei.espacev2 broadcastIntent}}) changed bounds; rebatching
12-17 19:31:36.329  1795  3253 I AlarmManager: set(PendingIntent{a9e563a: PendingIntentRecord{7f86237 com.huawei.espacev2 broadcastIntent}}) : type=0 triggerAtTime=1481974596328 win=0 tElapsed=443132691 maxElapsed=443132691 interval=300000 flags=0x1
12-17 19:31:36.329   816 20155 D DnsProxyListener: GetAddrInfoHandler addr: uc.huawei.com {304, 917808, 10102} 172.30.70.63
12-17 19:31:36.330 31949 31967 I TCP     : WatchThread{4786} TcpClientThread.disconnectSocket(TcpClientThread.java:369) disconnecting to uc.huawei.com:7801
12-17 19:31:36.331 31949 31967 I TCP     : WatchThread{4786} TcpSocket.close(TcpSocket.java:158) shutdown output: java.net.SocketException: Socket is closed
12-17 19:31:36.332 31949 31967 I TCP     : WatchThread{4786} TcpSocket.close(TcpSocket.java:170) shutdown input: java.net.SocketException: Socket is closed
12-17 19:31:36.333 31949 31967 W TCP     : tcp.recv{4790} TcpSocket.read(TcpSocket.java:242) <<< WARN(5) >>> java.net.SocketException: Socket closed
12-17 19:31:36.334 31949 31967 I TCP     : WatchThread{4786} TcpClientThread.closeSocket(TcpClientThread.java:396) closed socket.
12-17 19:31:36.335  1795  3238 D PowerManagerService: release:lock=8525102, flg=0x0, tag="RILJ_ACK_WL", name=com.android.phone", ws=null, uid=1001, pid=3218
12-17 19:31:36.335 10324 10324 D MagicLink: MagicLink2-BroadcastReceiver:====>ACTION_SCREEN_ON
12-17 19:31:36.335  1795  3238 D PowerManagerService: ready=true,policy=3,wakefulness=1,wksummary=0x10,uasummary=0x1,bootcompleted=true,boostinprogress=false,waitmodeenable=false,mode=true,manual=33,auto=-1,adj=0.0userId=0
12-17 19:31:36.335  1795  3238 D PowerManagerService: Releasing suspend blocker "PowerManagerService.WakeLocks".
12-17 19:31:36.336 31949 31967 E TCP     : tcp.recv{4790} TcpClientThread.readSocket(TcpClientThread.java:452) <<< ERROR(6) >>> socket read length failure -104
12-17 19:31:36.337 31949 31967 I TCP     : tcp.recv{4790} TcpClientThread.onReceiverWork(TcpClientThread.java:314) disconnected
12-17 19:31:36.337  3218  4159 W PhoneInterfaceManager: shouldBlockLocation running ...
12-17 19:31:36.338  3218  4159 I PhoneInterfaceManager: shouldBlockLocation  ret:false
12-17 19:31:36.338 31949 31967 I eSpaceService: WatchThread{4786} TcpCirChannel.connect(TcpCirChannel.java:219) Connect to server  address = [uc.huawei.com,]  port = 7801
12-17 19:31:36.339 31949 31985 I PushService: connect :true
12-17 19:31:36.339 31949 31967 I ECS     : WatchThread{4786} TcpClient.clearAll(TcpClient.java:240) ==================== TCP CLIENT CLEAR ALL ====================
12-17 19:31:36.340 31949 31967 I ECS     : WatchThread{4786} TcpClient.connect(TcpClient.java:162) ==================== TCP CLIENT CONNECT [2] ====================
12-17 19:31:36.341 31949 31967 I TCP     : WatchThread{4786} TcpClientThread.connect(TcpClientThread.java:52) will connect to uc.huawei.com:7801
12-17 19:31:36.342 31949 31967 I TCP     : tcp.conn{4787} TcpClientThread.connectSocket(TcpClientThread.java:349) connecting max 30000ms to uc.huawei.com:7801
12-17 19:31:36.344 31949 31967 I TCP     : tcp.conn{4787} TcpSocket.connect_i(TcpSocket.java:84) connecting to ip address uc.huawei.com/172.30.70.63
12-17 19:31:36.348 16354 16354 E HwSystemManager: MemCPUMonitor:startTimerMonitor isCompleted = true
12-17 19:31:36.351 31949 31967 I TCP     : tcp.recv{4790} TcpClientThread.onReceiverWork(TcpClientThread.java:292) connected
12-17 19:31:36.352 31949 31967 I TCP     : tcp.conn{4787} TcpClientThread.connectSocket(TcpClientThread.java:360) notify user tcp connected successully at 36822 to uc.huawei.com:7801
12-17 19:31:36.353 31949 31967 I TCP     : tcp.conn{4787} TcpClientThread.onRecv(TcpClientThread.java:522) tcp connection event TCP_CONNECTED
12-17 19:31:36.355 17238 17238 D Bth     : BtChrStatisticsManager:sendScreenOnEvent enter.
12-17 19:31:36.355 17238 17252 D Bth     : BtChrStatisticsManager:msg Loop is running.
12-17 19:31:36.359 31949 31967 I PushService: tcp.conn{4787} ServiceC.connectedNotify(ServiceC.java:289) 172.30.70.63
12-17 19:31:36.361 31949 31967 I ECS     : tcp.conn{4787} XmlMsg.encodeBuf(XmlMsg.java:215) SEND 100 bytes [16]_00_00_00_60_00_03_01_05_01_04_81_AE_00_00_00_00 cmdCode(CC_PCheckVersion.0x0501)msgType(MT_ARG.1)msgClass(MC_Push.5)sender(ST_Mobile.0)crypted(false)zipped(false)nobase64(true)length(96)version(3)sno(81AE)
12-17 19:31:36.365  1795  2748 D HwAmbientLuxFilterAlgo: earliestValidTime + POWER_ON_BRIGHTENING_LIGHT_DEBOUNCE
12-17 19:31:36.365  1795  2748 D HwAmbientLuxFilterAlgo: earliestValidTime + POWER_ON_DARKENING_LIGHT_DEBOUNCE
12-17 19:31:36.366 31949 31967 I TCP     : tcp.recv{4790} TcpClientThread.onReceiverWork(TcpClientThread.java:307) get tcp message 659
12-17 19:31:36.381  1795  1795 D PowerManagerService: Releasing suspend blocker "PowerManagerService.Broadcasts".
12-17 19:31:36.382  1795  2332 I qti_sensors_hal: [ACC]processReportInd: X: 7.084271 Y: 7.710104 Z: 3.599507  x_offset:0.160831 y_offset:0.184366 z_offset:0.985027
12-17 19:31:36.386  1795 11747 W ActivityManager: getRunningAppProcesses: caller 10105 does not hold REAL_GET_TASKS; limiting output
12-17 19:31:36.416  1795  2371 E LightSensor: read Events lux: 10.0
12-17 19:31:36.416  1795  1825 D AutomaticBrightnessController: ambient lux=10.0,timeStamp =442832779617000
12-17 19:31:36.424  3608  3608 I InCall  : ProximitySensor - ProximitySensor{keybrd=0, dpad=0, offhook=1, hor=0, ui=1, aud=EARPIECE}
12-17 19:31:36.424  3608  3608 D InCall  : ProximitySensor - Turning on proximity sensor
12-17 19:31:36.424  3608  3608 I InCall  : ProximitySensor - Proximity wake lock already acquired
12-17 19:31:36.436  1795  2371 E huawei_ProximitySensor_CPP_Test: ProximitySensor: 9 is far event,0 is close event,value = 0.000000
12-17 19:31:36.436  1795  2371 I huawei_ProximitySensor_CPP_Test: readEvents:345: ProximitySensor: getTimestamp,mPendingEvent.timestamp =196820760 
12-17 19:31:36.436  1795  1825 D DisplayPowerController: handleProximitySensorEvent positive:true
12-17 19:31:36.437  1795  1825 I PowerManager_screenOn: DisplayPowerController updatePowerState mPendingRequestLocked=policy=BRIGHT, useProximitySensor=true, useProximitySensorbyPhone=true, screenBrightness=33, screenAutoBrightnessAdjustment=0.0, brightnessSetByUser=true, useAutoBrightness=true, blockScreenOn=false, lowPowerMode=false, boostScreenBrightness=false, dozeScreenBrightness=-1, dozeScreenState=UNKNOWN, useTwilight=false, useSmartBacklight=true, brightnessWaitMode=false, brightnessWaitRet=true, screenAutoBrightness=-1, userId=0
12-17 19:31:36.437  1795  1825 D DisplayPowerController: Animating brightness: target=21, rate=40
12-17 19:31:36.437  1795  1825 I PowerManager_screenOn: PowerManagerService goToSleepNoUpdateLocked: eventTime=123009609, reason=7, flags=0, uid=1000
12-17 19:31:36.437  1795  1825 I PowerManagerService: Going to sleep due to proximity...
12-17 19:31:36.437  1795  1825 I PowerManager_screenOn: PowerManagerNotifier onWakefulnessChangeStarted: wakefulness=3, reason=7, interactive=false, mInteractive=true, mInteractiveChanging=false
12-17 19:31:36.437  1795  1825 I PowerManager_screenOn: PowerManagerServiceonProximityPositivebyPhone -> updatePowerStateLocked
12-17 19:31:36.437  1795  1825 D PowerManagerService: ready=true,policy=3,wakefulness=3,wksummary=0x10,uasummary=0x1,bootcompleted=true,boostinprogress=false,waitmodeenable=false,mode=true,manual=33,auto=-1,adj=0.0userId=0
12-17 19:31:36.437  1795  1825 E PowerManagerService: startDreaming = true
12-17 19:31:36.438  1795  1825 D PowerManagerService: reallyGoToSleepNoUpdateLocked: eventTime=123009609, uid=1000
12-17 19:31:36.438  1795  1825 I PowerManagerService: Sleeping (uid 1000)...
12-17 19:31:36.438  1795  1825 I PowerManager_screenOn: PowerManagerNotifier onWakefulnessChangeStarted: wakefulness=0, reason=2, interactive=false, mInteractive=false, mInteractiveChanging=true
12-17 19:31:36.438  1795  1825 D PowerManagerService: ready=false,policy=0,wakefulness=0,wksummary=0x10,uasummary=0x0,bootcompleted=true,boostinprogress=false,waitmodeenable=false,mode=true,manual=33,auto=-1,adj=0.0userId=0
12-17 19:31:36.438  1795  1825 I PowerManager_screenOn: DisplayPowerController updatePowerState mPendingRequestLocked=policy=OFF, useProximitySensor=true, useProximitySensorbyPhone=true, screenBrightness=33, screenAutoBrightnessAdjustment=0.0, brightnessSetByUser=true, useAutoBrightness=true, blockScreenOn=false, lowPowerMode=false, boostScreenBrightness=false, dozeScreenBrightness=-1, dozeScreenState=UNKNOWN, useTwilight=false, useSmartBacklight=true, brightnessWaitMode=false, brightnessWaitRet=true, screenAutoBrightness=-1, userId=0
12-17 19:31:36.443  1795  2332 I qti_sensors_hal: [ACC]processReportInd: X: 6.208051 Y: 8.258337 Z: 1.782987  x_offset:0.160831 y_offset:0.184366 z_offset:0.985027
12-17 19:31:36.444  1795  1795 I HwScreenOnProximityLock: preparePoriximityView addView 
12-17 19:31:36.445  1795  1795 I HwPointEventFilter: do not support AFT because of no config
12-17 19:31:36.446  1795  1795 D WindowManager: ACTIVITY check resid: android, size=8
12-17 19:31:36.446  1795  2728 D HwArpVerifier: performPollAndLog:
12-17 19:31:36.447  1795  1795 V HwPhoneWindowManager: updateSystemUiColorLw window=Window{3605848 u0 android},EmuiStyle=0,StatusBarColor=0x0,NavigationBarColor=0x0, mLastIsEmuiLightStyle=-1
12-17 19:31:36.447  1795  1795 I WindowManger_windowChange: oldFocusWindow: Window{e71ca6c u0 com.android.phone}, currentFocusWindow: Window{3605848 u0 android}, currentFocusApp: AppWindowToken{844a0b2 token=Token{2fd6a14 ActivityRecord{b46dc67 u0 com.android.incallui/.InCallActivity t310}}}
12-17 19:31:36.447  1795  1809 D HwPhoneWindowManager: Transact:setSystemUIColor to status bar service
12-17 19:31:36.448  2852  3328 I CommandQueue: updateBarBgColor
12-17 19:31:36.448  2852  3328 D CommandQueue: CommandQueue, setBarBackgroundColor
12-17 19:31:36.448  2852  2852 I TintManager: updateBarBgColor:emuiStyle=0,statusBarColor=#00000000,navigationBarColor=#00000000, isEmuiLight=-1
12-17 19:31:36.449  2852  2852 I HwPhoneStatusBarTransitions: restoreBackgroundColor:new=-16777216, old=0
12-17 19:31:36.449  2852  2852 I HwNavigationBarTransitions: restoreBackgroundColor:new=0, old=0
12-17 19:31:36.449  1795  2728 D hw_netstat: total/1090/643,com.huawei.espacev2/963/584,unknown:0/127/59
12-17 19:31:36.450  2852  2852 D TintManager: statusBarIconTint=#B3FFFFFF,navigationBarIconTint=#00000000
12-17 19:31:36.450  1795  2728 E HwCHRWebMonitor: WebMonitor [mNetWorkIsSuck=0 mUIDIsSuck=]  WebSpeed [WEBSENDSEGS=0  WEBRESENDSEGS=0  WEBRECVSEGS=0  WEBERRSEGS=0  WEBOUTRSTS=0  WEBESTABLISRST=0  WEBRTTDURATION=0  WEBRTTSEGS=0  WEBSRTT=250  WEBSNDDUPACKS=0  SENDSEGS=7  RESENDSEGS=0  RECVSEGS=6  ERRSEGS=0  OUTRSTS=0  ESTABLISRST=0  RTTDURATION=8  RTTSEGS=3  SNDDUPACKS=0  suckTimes=0 recovage_times=0]
12-17 19:31:36.451  1795  2728 E HwCHRWifiRSSIGroupSummery: updateTcpSummery mRSSI:-56  HwCHRWifiRSSIGroup [rssi_index=4, rtt_tcp_packets=64, rtt_tcp_duration=525, rtt_lan_duration=140, rtt_lan_failures=0, rtt_lan_succ=2, rtt_lan_max=124, rtt_lan_min=16,same_area_frequency=0,adjacent_area_frequency=0]
12-17 19:31:36.451  1795  2728 D WifiHW  : wifi_send_command: cmd:'IFNAME=wlan0 PKTCNT_POLL'
12-17 19:31:36.451  5215  5215 D wpa_supplicant: wlan0: Control interface command 'PKTCNT_POLL'
12-17 19:31:36.455  1795  1795 D PowerManagerService: acquire lock=228612087, flags=0x1, tag="ActivityManager-Sleep", name=android, ws=null, uid=1000, pid=1795
12-17 19:31:36.455  1795  1795 D PowerManagerService: ready=false,policy=0,wakefulness=0,wksummary=0x11,uasummary=0x0,bootcompleted=true,boostinprogress=false,waitmodeenable=false,mode=true,manual=33,auto=-1,adj=0.0userId=0
12-17 19:31:36.455  1795  1795 D PowerManagerService: Acquiring suspend blocker "PowerManagerService.WakeLocks".
12-17 19:31:36.456  1795  1795 I ActivityManager_activity: Start pausing: ActivityRecord{b46dc67 u0 com.android.incallui/.InCallActivity t310}
12-17 19:31:36.456  5215  5215 D wpa_supplicant: CTRL-DEBUG: global_ctrl_sock-sendto: sock=16 sndbuf=229376 outq=0 send_len=34
12-17 19:31:36.456  3608  3608 I InCall  : VideoCallFragment - onPause:
12-17 19:31:36.456  3608  3608 I InCall  : VideoCallPresenter - isVideoCallWorking, state is: 3
12-17 19:31:36.457  3608  3608 D InCall  : VideoCallPresenter - pauseVideo: Error bad state mPrimaryCall=[Call_10, ACTIVE, [Capabilities: CAPABILITY_HOLD CAPABILITY_SUPPORT_HOLD CAPABILITY_MUTE CAPABILITY_CANNOT_DOWNGRADE_VIDEO_TO_AUDIO], children:[], parent:null, conferenceable:[], videoState:Audio Only, mSessionModificationState:0, VideoSettings:(CameraDir:-1)] mVideoCall=null
12-17 19:31:36.457  3608  3608 D InCall  : InCallActivity - onPause()...
12-17 19:31:36.457  3608  3608 D InCall  : DialpadFragment - Notifying dtmf key up.
12-17 19:31:36.457  1795  2728 E HwCHRWebMonitor: HwCHRWifiPacketCnt [mTXGood=8, mTXbad=0, mRXGood=4] rssi=-56
12-17 19:31:36.457  3608  3608 D InCall  : ContactInfoCache - Contact lookup. In memory cache hit; lookup complete
12-17 19:31:36.463  1795  2728 E HwCHRWebMonitor: running processName=com.android.incallui
12-17 19:31:36.464  1795  2728 E HwCHRWebMonitor: HwCHRWifiUIDWebSpeed [appName=com.huawei.espacev2 UID=10102  WEBSENDSEGS=0  WEBRESENDSEGS=0  WEBRECVSEGS=0  WEBERRSEGS=0  WEBOUTRSTS=0  WEBESTABLISRST=0  WEBRTTDURATION=0  WEBRTTSEGS=0  WEBSNDDUPACKS=0  suckTimes=0 recovage_times=0]
12-17 19:31:36.464  1795  2728 D HwArpVerifier: doCheckAccessInternet
12-17 19:31:36.464  3608  3608 D InCall  : StatusBarNotifier - Showing notification for first time.
12-17 19:31:36.464  3608  3608 D InCall  : StatusBarNotifier - Data changed.  Showing notification
12-17 19:31:36.464  3608  3608 D InCall  : StatusBarNotifier - contactsentry_photo is null
12-17 19:31:36.464  1795  2728 D HwArpVerifier: mAccessWebStatus : rx = 0, tx = 0
12-17 19:31:36.464  1795  2728 D HwArpVerifier: getDNSFailedCntDiff  dnsNewFailCnt =  1001, aws.getOldDnsFailedCnt() = 1001, dnsDiff = 0
12-17 19:31:36.470  3608  3608 D HwCust  : Create obj success use class android.app.HwCustNotificationImpl
12-17 19:31:36.470  3608  3608 D HwCust  : Create obj success use class android.app.HwCustNotificationImpl
12-17 19:31:36.470  3608  3608 E InCall  : StatusBarNotifier - getNotificationBuilder
12-17 19:31:36.472  3608  3608 D InCall  : StatusBarNotifier - Will show "hang-up" action in the ongoing active call Notification
12-17 19:31:36.475  3608  3608 E WindowManagerEx: ret: 1
12-17 19:31:36.475  1795 20747 D HwWindowManagerService: imeVis=false
12-17 19:31:36.475  3608  3608 E WindowManagerEx: ret: 0
12-17 19:31:36.475  3608  3608 I InCall  : StatusBarNotifier - isTopIsFullscreen = true--isTopIsFullscreenInput()--false
12-17 19:31:36.475  3608  3608 E InCall  : StatusBarNotifier - buildAndSendNotification state=3 showHeadUpNotification=false mHeadupViewShow=false
12-17 19:31:36.476  3608  3608 D InCall  : StatusBarNotifier - isDreaming = false
12-17 19:31:36.476  3608  3608 D InCall  : StatusBarNotifier - Notifying IN_CALL_NOTIFICATION: Notification(pri=2 contentView=null vibrate=null sound=null defaults=0x0 flags=0x2 color=0x00000000 actions=3 vis=PRIVATE publicVersion=Notification(pri=0 contentView=null vibrate=null sound=null defaults=0x0 flags=0x0 color=0xff33b5e5 vis=PRIVATE))
12-17 19:31:36.479  1795  1825 I DisplayPowerController: checkPhoneWindowIsTop:pakcage name:com.android.incallui,ClassName name:com.android.incallui.InCallActivity
12-17 19:31:36.479  1795  1825 I PowerManager_screenOn: DisplayPowerStatesetColorFadeLevel: level=0.0
12-17 19:31:36.479  1795  1825 I DisplayPowerController: set brightness to DIM brightness:6
12-17 19:31:36.479  1795  1825 D DisplayPowerController: Unfinished business...
12-17 19:31:36.479  1795  2750 I PowerManager_screenOn: DisplayPowerState Updating screen state: state=ON, backlight=0
12-17 19:31:36.479  1795  1825 I PowerManager_screenOn: DisplayPowerController updatePowerState mPendingRequestLocked=policy=OFF, useProximitySensor=true, useProximitySensorbyPhone=true, screenBrightness=33, screenAutoBrightnessAdjustment=0.0, brightnessSetByUser=true, useAutoBrightness=true, blockScreenOn=false, lowPowerMode=false, boostScreenBrightness=false, dozeScreenBrightness=-1, dozeScreenState=UNKNOWN, useTwilight=false, useSmartBacklight=true, brightnessWaitMode=false, brightnessWaitRet=true, screenAutoBrightness=-1, userId=0
12-17 19:31:36.479  1795  1825 I PowerManager_screenOn: DisplayPowerStatesetScreenState: state=1
12-17 19:31:36.479  1795  1825 D FpDataCollector: DisplayPowerState :OFF
12-17 19:31:36.479  1795  2750 I HwLightsService: back light level before map = 0
12-17 19:31:36.480  1795  2750 D HW_DISPLAY_EFFECT: presently, hw_update_color_temp_for_rg_led interface not achieved.
12-17 19:31:36.485  1795  3139 I NotificationManager: enqueueNotificationInternal: pkg=com.android.incallui id=2 notification=Notification(pri=2 contentView=null vibrate=null sound=null defaults=0x0 flags=0x2 color=0x00000000 actions=3 vis=PRIVATE publicVersion=Notification(pri=0 contentView=null vibrate=null sound=null defaults=0x0 flags=0x0 color=0xff33b5e5 vis=PRIVATE))
12-17 19:31:36.488  3608  3608 I InCall  : ProximitySensor - ProximitySensor{keybrd=0, dpad=0, offhook=1, hor=0, ui=1, aud=EARPIECE}
12-17 19:31:36.488  3608  3608 D InCall  : ProximitySensor - Turning on proximity sensor
12-17 19:31:36.488  3608  3608 I InCall  : ProximitySensor - Proximity wake lock already acquired
12-17 19:31:36.488  3608  3608 D InCall  : AnswerPresenter - onUiShowingfalse
12-17 19:31:36.488  3608  3608 D InCall  : GlowPadAnswerFragment - Show answer UI: false
12-17 19:31:36.489  3608  3608 D InCall  : GlowPadWrapper - stopPing
12-17 19:31:36.489  3608  3608 I InCall  : GlowPadAnswerFragment - showVideoAnswerButtonfalsefalse
12-17 19:31:36.490  1795  6988 I ActivityManager_activity: Moving to PAUSED: ActivityRecord{b46dc67 u0 com.android.incallui/.InCallActivity t310} (pause complete)
12-17 19:31:36.492  1795  1825 D HwAmbientLuxFilterAlgo: clear buffer data and algo flags
12-17 19:31:36.492  1795  1825 D lux trace:: [10.0/123009588]
12-17 19:31:36.493  1795  1825 D Sensors : activate called handle:3 enable:0
12-17 19:31:36.493  1795  1825 D Sensors : bh1745-light calling driver disable
12-17 19:31:36.493  1795  1825 W LightSensor: LightSensor, enable, 283: en=0
12-17 19:31:36.493  1795  1825 W LightSensor: LightSensor, enable, 284: flags=0
12-17 19:31:36.493  1795  1825 W LightSensor: LightSensor, enable, 285: mEnabled=1
12-17 19:31:36.493  1795  1825 E LightSensor: LightSensor disable, event occur num: 2
12-17 19:31:36.496  1795  1825 D AutomaticBrightnessController: Disable LightSensor at time:123009668
12-17 19:31:36.496  1795  1825 D DisplayPowerController: mode change : autoBrightnessEnabled=false,adjustment=0.0,state=1
12-17 19:31:36.496  1795  1825 D DisplayPowerController: Animating brightness: target=0, rate=0
12-17 19:31:36.496  1795  2750 I PowerManager_screenOn: DisplayPowerState Updating screen state: state=OFF, backlight=0
12-17 19:31:36.496   612   612 D SurfaceFlinger: Set power mode=0, type=0 flinger=0x7f9a25b400
12-17 19:31:36.497   612   612 I SDM     : HWCDisplay::SetPowerMode: display = 0, mode = 0
12-17 19:31:36.497   612   612 I SDM     : DisplayBase::SetDisplayState: Set state = 0, display 0
12-17 19:31:36.504  1795  2332 I qti_sensors_hal: [ACC]processReportInd: X: 4.984952 Y: 8.419012 Z: 1.503679  x_offset:0.160831 y_offset:0.184366 z_offset:0.985027
12-17 19:31:36.564  1795  2332 I qti_sensors_hal: [ACC]processReportInd: X: 3.943310 Y: 7.796118 Z: 0.517674  x_offset:0.160831 y_offset:0.184366 z_offset:0.985027
12-17 19:31:36.595  3180  3578 I AppManager: check dependency pid: 4690 is depended by pid: 1795
12-17 19:31:36.595  3180  3578 I ash     : Application com.baidu.input_huawei is depended by other app, delay to H!
12-17 19:31:36.621  1795  2332 I qti_sensors_hal: [ACC]processReportInd: X: 5.364926 Y: 7.715781 Z: -0.231843  x_offset:0.160831 y_offset:0.184366 z_offset:0.985027
12-17 19:31:36.682  1795  2332 I qti_sensors_hal: [ACC]processReportInd: X: 6.523755 Y: 6.906668 Z: -1.690821  x_offset:0.160831 y_offset:0.184366 z_offset:0.985027
12-17 19:31:36.732  1795  1825 I PowerManager_screenOn: DisplayPowerController updatePowerState mPendingRequestLocked=policy=OFF, useProximitySensor=true, useProximitySensorbyPhone=true, screenBrightness=33, screenAutoBrightnessAdjustment=0.0, brightnessSetByUser=true, useAutoBrightness=true, blockScreenOn=false, lowPowerMode=false, boostScreenBrightness=false, dozeScreenBrightness=-1, dozeScreenState=UNKNOWN, useTwilight=false, useSmartBacklight=true, brightnessWaitMode=false, brightnessWaitRet=true, screenAutoBrightness=-1, userId=0
12-17 19:31:36.732  1795  2750 D SurfaceControl: Excessive delay in setPowerMode(): 235ms
12-17 19:31:36.732  1795  1825 D DisplayPowerController: Animating brightness: target=0, rate=0
12-17 19:31:36.732  1795  2750 D PowerManagerService: Setting HAL interactive mode to false
12-17 19:31:36.732  1795  2750 I QTI PowerHAL: Got set_interactive hint
12-17 19:31:36.733   625   718 E libnav  : AbaSuspend skips CABL deactivate: state was 3
12-17 19:31:36.733   533  3739 E ANDR-PERF-MPCTL: Invalid profile no. 0, total profiles 0 only
12-17 19:31:36.733  1795  2750 D libfingersense_wrapper: Calling fingersense_on_pause()
12-17 19:31:36.733  1795  2750 D libfingersense_wrapper: fingersense_on_pause() finished
12-17 19:31:36.733  1795  2750 D PowerManagerService: Setting HAL auto-suspend mode to true
12-17 19:31:36.733   836  2387 I knuckle_sensor: Sending SAM_DISABLE to fs_data
12-17 19:31:36.733  1795  1825 I PowerManager_screenOn: DisplayPowerController updatePowerState mPendingRequestLocked=policy=OFF, useProximitySensor=true, useProximitySensorbyPhone=true, screenBrightness=33, screenAutoBrightnessAdjustment=0.0, brightnessSetByUser=true, useAutoBrightness=true, blockScreenOn=false, lowPowerMode=false, boostScreenBrightness=false, dozeScreenBrightness=-1, dozeScreenState=UNKNOWN, useTwilight=false, useSmartBacklight=true, brightnessWaitMode=false, brightnessWaitRet=true, screenAutoBrightness=-1, userId=0
12-17 19:31:36.733  1795  1825 D DisplayPowerController: Animating brightness: target=0, rate=0
12-17 19:31:36.733  1795  1825 D DisplayPowerController: Display ready!
12-17 19:31:36.733  1795  1825 D DisplayPowerController: Finished business...
12-17 19:31:36.733  1795  1825 D PowerManagerService: ready=true,policy=0,wakefulness=0,wksummary=0x11,uasummary=0x0,bootcompleted=true,boostinprogress=false,waitmodeenable=false,mode=true,manual=33,auto=-1,adj=0.0userId=0
12-17 19:31:36.734  1795  1825 I PowerManager_screenOn: PowerManagerNotifier onWakefulnessChangeFinished mInteractiveChanging=true, mInteractive=false
12-17 19:31:36.734  1795  1825 D PowerManagerService: Acquiring suspend blocker "PowerManagerService.Broadcasts".
12-17 19:31:36.734  1795  1825 D PowerManagerService: Releasing suspend blocker "PowerManagerService.Display".
12-17 19:31:36.735   836   928 I knuckle_sensor: Got DISABLE response, status = 0, id = 57
12-17 19:31:36.748  3180  3180 E libc    : Access denied finding property "persist.sys.smart_power"
12-17 19:31:36.748  3180  3180 E libc    : Access denied finding property "persist.sys.smart_power"
12-17 19:31:36.751  2852  2852 I PhoneStatusBar: setSystemUiVisibility vis=c0000000 mask=ffffffff oldVal=c0000600 newVal=c0000000 diff=600
12-17 19:31:36.751  2852  2852 I PhoneStatusBar: notifyUiVisibilityChanged:vis=0xc0000000, SystemUiVisibility=0xc0000000
12-17 19:31:36.751  2852  2852 I PanelBar: collapsePanel:false
12-17 19:31:36.752  2852  2852 I PanelView: closeQs
12-17 19:31:36.752  2852  2852 I QSContainer: updateQsState:false
12-17 19:31:36.752  2852  2852 I QSContainer: updateQsState:false
12-17 19:31:36.752  2852  2852 I StackScroller: setScrollingEnabled: true
12-17 19:31:36.752  2852  2852 I PanelView: instantCollapse
12-17 19:31:36.752  2852  2852 I PanelBar: collapsePanel2
12-17 19:31:36.754  1795  1821 I DisplayManagerService: Display device changed state: "内置屏幕", OFF
12-17 19:31:36.755  3608  3608 I InCall  : VideoCallFragment - onStop:
12-17 19:31:36.755  3608  3608 D InCall  : InCallActivity - onStop()...
12-17 19:31:36.755  3608  3608 D InCall  : InCallPresenter - onActivityStopped
12-17 19:31:36.755  3608  3608 D InCall  : InCallPresenter - notifyVideoPauseController
12-17 19:31:36.755  3608  3608 D InCall  : VideoPauseController: - VideoPauseController:onPause
12-17 19:31:36.755  3608  3608 D InCall  : VideoPauseController: - VideoPauseController:onPause, Ignoring...
12-17 19:31:36.755  3608  3608 I InCall  : InCallPresenter - updateStatusBar: state = 0x0
12-17 19:31:36.756  1795  1795 V SecInputMethodManagerService: Client requesting input be hidden, pid=1795
12-17 19:31:36.756  1795  1795 V InputMethodManagerService: Unspecified window will hide input
12-17 19:31:36.756  1795  1795 D HwInputMethodManagerService: ------------startInput--------------
12-17 19:31:36.756  1795  3111 D StatusBarManagerService: manageDisableList userId=0 what=0x0 pkg=com.android.incallui
12-17 19:31:36.756  1795  1795 V SecInputMethodManagerService: Client requesting input be hidden, pid=1795
12-17 19:31:36.756  1795  1795 D HwInputMethodManagerService: hideSecSoftInput = false
12-17 19:31:36.756  3608  3608 D InCall  : InCallActivity -  bgCallTwinkingSwitch is true inQuickExiting is false mIsForegroundActivity is false
12-17 19:31:36.757   832  1841 E Parcel  : Reading a NULL string not supported here.
12-17 19:31:36.757   832  1841 E Parcel  : Reading a NULL string not supported here.
12-17 19:31:36.758  1795  1805 D PowerManagerService: ready=true,policy=0,wakefulness=0,wksummary=0x11,uasummary=0x0,bootcompleted=true,boostinprogress=false,waitmodeenable=false,mode=true,manual=33,auto=-1,adj=0.0userId=0
12-17 19:31:36.759  3608  3608 I CallUtils: show_incallscreen  0
12-17 19:31:36.760  1795  1795 I NotificationManager: enqueueNotificationInternal: n.getKey = 0|com.android.incallui|2|null|1001
12-17 19:31:36.760  2852  2852 I PhoneStatusBar: setSystemUiVisibility vis=80000300 mask=ffffffff oldVal=c0000000 newVal=80000300 diff=40000300
12-17 19:31:36.760  2852  2852 I BarTransitions.HwPhoneStatusBarView: transitionTo: mode=MODE_OPAQUE, animate=false
12-17 19:31:36.761  2852  2852 D BarTransitions.HwPhoneStatusBarView: MODE_TRANSLUCENT -> MODE_OPAQUE animate=false
12-17 19:31:36.761  2852  2852 D BarTransitions.HwPhoneStatusBarView: applyModeBackground oldMode=MODE_TRANSLUCENT newMode=MODE_OPAQUE animate=false
12-17 19:31:36.761  1795 16498 D PowerManagerService: release:lock=228612087, flg=0x0, tag="ActivityManager-Sleep", name=android", ws=null, uid=1000, pid=1795
12-17 19:31:36.761  1795 16498 D PowerManagerService: ready=true,policy=0,wakefulness=0,wksummary=0x11,uasummary=0x0,bootcompleted=true,boostinprogress=false,waitmodeenable=false,mode=true,manual=33,auto=-1,adj=0.0userId=0
12-17 19:31:36.761  2852  2852 I BarTransitions.HwNavigationBarView: transitionTo: mode=MODE_TRANSLUCENT, animate=false
12-17 19:31:36.761  2852  2852 I HwNavigationBarTransitions: transitionTo:mode=2, isEmuiStyle=false
12-17 19:31:36.761  2852  2852 I PhoneStatusBar: cancelAutohide
12-17 19:31:36.761  2852  2852 I PhoneStatusBar: notifyUiVisibilityChanged:vis=0x80000300, SystemUiVisibility=0x80000300
12-17 19:31:36.761  1795  1795 V NotificationService: disableEffects=null canInterrupt=false once update: false
12-17 19:31:36.761  1795  1795 I WindowManger_keyguard: Finished going to sleep... (why=6)
12-17 19:31:36.761  1795  1806 D PowerManagerService: ready=true,policy=0,wakefulness=0,wksummary=0x11,uasummary=0x0,bootcompleted=true,boostinprogress=false,waitmodeenable=false,mode=true,manual=33,auto=-1,adj=0.0userId=0
12-17 19:31:36.761  1795  1795 I WindowOrientationListener: WindowOrientationListener disabled
12-17 19:31:36.761  1795  1795 I qti_sensors_hal: batch,376,handle 0, timeout:0 ,period_ns:200000000
12-17 19:31:36.761  1795  1795 I qti_sensors_hal: batch:sensor(android.sensor.accelerometer) handle:0 flags:0x0 period_ns 200000000
12-17 19:31:36.762  1795 16499 D PowerManagerService: ready=true,policy=0,wakefulness=0,wksummary=0x11,uasummary=0x0,bootcompleted=true,boostinprogress=false,waitmodeenable=false,mode=true,manual=33,auto=-1,adj=0.0userId=0
12-17 19:31:36.764  1795  3139 D PowerManagerService: ready=true,policy=0,wakefulness=0,wksummary=0x10,uasummary=0x0,bootcompleted=true,boostinprogress=false,waitmodeenable=false,mode=true,manual=33,auto=-1,adj=0.0userId=0
12-17 19:31:36.764  1795  3139 D PowerManagerService: Releasing suspend blocker "PowerManagerService.WakeLocks".
12-17 19:31:36.764  3608  3608 I InCall  : CallList - hasAnyLiveCall call = [Call_10, ACTIVE, [Capabilities: CAPABILITY_HOLD CAPABILITY_SUPPORT_HOLD CAPABILITY_MUTE CAPABILITY_CANNOT_DOWNGRADE_VIDEO_TO_AUDIO], children:[], parent:null, conferenceable:[], videoState:Audio Only, mSessionModificationState:0, VideoSettings:(CameraDir:-1)]
12-17 19:31:36.764  3608  3608 I InCall  : ProximitySensor - isDisplayOn: false
12-17 19:31:36.777  1795  1795 I qti_sensors_hal: read from oem info: data_readback
12-17 19:31:36.777  1795  1795 I qti_sensors_hal: 0xcd, 0xb0, 0x24, 0x3e
12-17 19:31:36.777  1795  1795 I qti_sensors_hal: 0x66, 0xca, 0x3c, 0x3e
12-17 19:31:36.777  1795  1795 I qti_sensors_hal: 0xc0, 0x2a, 0x7c, 0x3f
12-17 19:31:36.777  1795  1795 I qti_sensors_hal: 0x55, 0x0, 0x0, 0x0
12-17 19:31:36.777  1795  1795 I qti_sensors_hal: 0x0, 0x0, 0x0, 0x0
12-17 19:31:36.777  1795  1795 E qti_sensors_hal: read from oem info: data_valid_flag=0x55
12-17 19:31:36.777  1795  1795 E qti_sensors_hal: read from oem info: x_offset=0.160831, y_offset=0.184366, z_offset=0.985027
12-17 19:31:36.777  1795  1795 E qti_sensors_hal: Final value: x_offset=0.160831, y_offset=0.184366, z_offset=0.985027
12-17 19:31:36.777  1795  1795 I qti_sensors_hal: batch:load_acc_oeminf_data x_offset:0.160831 y_offset:0.184366 z_offset:0.985027
12-17 19:31:36.777  1795  1795 I qti_sensors_hal: batch:sensor(android.sensor.accelerometer) sample_rate=5.000000Hz report_rate_f=0.000000Hz curr sample rate:14.999925 cur rpt rate:0 max:400.000000 min:1.000000
12-17 19:31:36.778  1795  1795 I WindowManger_keyguard: onFinishedGoingToSleep(6)
12-17 19:31:36.778  1795 11747 I qti_sensors_hal: batch,376,handle 0, timeout:0 ,period_ns:200000000
12-17 19:31:36.778  1795 11747 I qti_sensors_hal: batch:sensor(android.sensor.accelerometer) handle:0 flags:0x0 period_ns 200000000
12-17 19:31:36.778  1795  1795 I PowerManager_screenOn: PowerManagerNotifier Sending go to sleep broadcast.
12-17 19:31:36.778  1795  1795 I SendBroadcastPermission: action:android.intent.action.SCREEN_OFF, mPermissionType:0
12-17 19:31:36.778  2852  3328 D KeyguardService: Caller checkPermission fail
12-17 19:31:36.778  2852  3328 D KeyguardService: KGSvcCall onFinishedGoingToSleep.
12-17 19:31:36.778  2852  3328 D KeyguardViewMediator: onFinishedGoingToSleep(6)
12-17 19:31:36.778  2852  3328 D KeyguardViewMediator: notifyFinishedGoingToSleep
12-17 19:31:36.778  2852  3328 W AppHandler: sendMessage 15
12-17 19:31:36.778  2852  2852 D KeyguardViewMediator: handleNotifyFinishedGoingToSleep
12-17 19:31:36.779  2852  2852 I PhoneStatusBar: onFinishedGoingToSleep
12-17 19:31:36.779  1795  1795 I HwActivityManagerService: Split enqueueing broadcast [callerApp]:ProcessRecord{34bf34f 0:system/1000}
12-17 19:31:36.780  1795  1795 I ActivityManager_broadcast: Enqueueing ordered broadcast[foreground] BroadcastRecord{d46b0f4 u-1 android.intent.action.SCREEN_OFF}: prev had 0
12-17 19:31:36.780  1795  1795 D DeviceIdleController: updateDisplayLocked: screenOn=false
12-17 19:31:36.780  1795  1795 D DeviceIdleController: becomeInactiveIfAppropriateLocked()
12-17 19:31:36.780  1795  1795 D DeviceIdleController: Moved from STATE_ACTIVE to STATE_INACTIVE
12-17 19:31:36.780  1795  1795 D DeviceIdleController: stopMonitoringMotionLocked()
12-17 19:31:36.780  1795  1795 D DeviceIdleController: scheduleAlarmLocked(1800000, false)
12-17 19:31:36.780  1795  1808 I ActivityManager_broadcast: dispatch ordered broadcast [foreground] BroadcastRecord{d46b0f4 u-1 android.intent.action.SCREEN_OFF}, has 55 receivers
12-17 19:31:36.780  1795  1795 I AlarmManager: set(null) : type=2 triggerAtTime=444633143 win=1350000 tElapsed=444633143 maxElapsed=445983143 interval=0 flags=0x8
12-17 19:31:36.780  1795  1795 D DeviceIdleController: Moved from LIGHT_STATE_ACTIVE to LIGHT_STATE_INACTIVE
12-17 19:31:36.781  1795  1795 D DeviceIdleController: scheduleLightAlarmLocked(300000)
12-17 19:31:36.781  1795  1795 I AlarmManager: set(null) : type=2 triggerAtTime=443133144 win=225000 tElapsed=443133144 maxElapsed=443358144 interval=0 flags=0x8
12-17 19:31:36.782  2852  2852 I StackScrollAlgorithm: updateClipping isOverlap:false
12-17 19:31:36.782  2852  2852 I StackScrollAlgorithm: updateDimmedActivatedHideSensitive overlap:false
12-17 19:31:36.783  2852  2852 V KeyguardStatusView: Disable transport text marquee
12-17 19:31:36.783  2852  2852 V KeyguardUpdateMonitor: FingerStat Visible: false; Interactive: false; Switching: false; Bouncer:false; GoingToSleep: false Occluded: false; dreaming: false; Authenticated: false
12-17 19:31:36.783  2852  2852 W DisabledFeatureUtils: Dis-Feature : 0
12-17 19:31:36.783  2852  2852 E KeyguardUpdateMonitor: isSimPinSecure mSimDatas is null or empty 
12-17 19:31:36.784  2852  2852 W DisabledFeatureUtils: Dis-Feature : 0
12-17 19:31:36.784  2852  2852 E KeyguardUpdateMonitor: isSimPinSecure mSimDatas is null or empty 
12-17 19:31:36.785  1795  1806 I Security_fingerprint: FingerprintService getEnrolledFingerprints
12-17 19:31:36.785  2852  2852 V KeyguardUpdateMonitor: KGSvcFp startListeningForFingerprint()
12-17 19:31:36.785  2852  2852 I KeyguardUpdateMonitor: authenticate by 0 mode!
12-17 19:31:36.785  1795  3111 I Security_fingerprint: FingerprintService authenticate
12-17 19:31:36.786  2852  2852 W KeyguardUpdateMonitor: Fingerprint RunningStateChanged. 1
12-17 19:31:36.786  1795  2326 W HwFingerprintService: setLivenessSwitch:start
12-17 19:31:36.786  1795  2326 W HwFingerprintService: checkNeedLivenessList:start
12-17 19:31:36.786  1795  2326 W HwFingerprintService: NEED_LIVENESS_AUTHENTICATION = 0
12-17 19:31:36.786  2852  2852 W HwLockScreenPanel: Handle message: 15
12-17 19:31:36.787  2852  2852 W CameraLayout: Cameralayout setVisibility. true false  2
12-17 19:31:36.787  2852  2852 D MagazineDetailView: resetPagerState
12-17 19:31:36.788   835   835 I fingerprintd: FingerprintDaemonProxyEx::onTransact, code:1002
12-17 19:31:36.788   835   835 I fingerprintd: fingerprintd
12-17 19:31:36.788   835   835 I fingerprintd: FingerprintDaemonProxyEx::setLivenessSwitch
12-17 19:31:36.788   835   835 I fingerprintd: fingerprintdex--dev->need_liveness_authentication = false;
12-17 19:31:36.789  1795  2326 W HwFingerprintService: framework setLivenessSwitch is ok ---end
12-17 19:31:36.789   835   835 I fingerprintd: FingerprintDaemonProxyEx::onTransact, code:7
12-17 19:31:36.789   835   835 D fpc_fingerprint_hal: fpc_get_authenticator_id
12-17 19:31:36.789   835  2385 D fpc_fingerprint_hal: fpc poll irq interupt
12-17 19:31:36.789   835  2385 D fpc_fingerprint_hal: wait_finger_down, took 987 ms
12-17 19:31:36.789  1795 11747 I qti_sensors_hal: read from oem info: data_readback
12-17 19:31:36.789   835  2385 E libteec : begin
12-17 19:31:36.789  1795 11747 I qti_sensors_hal: 0xcd, 0xb0, 0x24, 0x3e
12-17 19:31:36.789  1795 11747 I qti_sensors_hal: 0x66, 0xca, 0x3c, 0x3e
12-17 19:31:36.789  1795 11747 I qti_sensors_hal: 0xc0, 0x2a, 0x7c, 0x3f
12-17 19:31:36.790  1795 11747 I qti_sensors_hal: 0x55, 0x0, 0x0, 0x0
12-17 19:31:36.790  1795 11747 I qti_sensors_hal: 0x0, 0x0, 0x0, 0x0
12-17 19:31:36.790  1795 11747 E qti_sensors_hal: read from oem info: data_valid_flag=0x55
12-17 19:31:36.790  1795 11747 E qti_sensors_hal: read from oem info: x_offset=0.160831, y_offset=0.184366, z_offset=0.985027
12-17 19:31:36.790  1795 11747 E qti_sensors_hal: Final value: x_offset=0.160831, y_offset=0.184366, z_offset=0.985027
12-17 19:31:36.790  1795 11747 I qti_sensors_hal: batch:load_acc_oeminf_data x_offset:0.160831 y_offset:0.184366 z_offset:0.985027
12-17 19:31:36.790   606  2379 E libteec : receive data len = 128
12-17 19:31:36.790  1795 11747 I qti_sensors_hal: batch:sensor(android.sensor.accelerometer) sample_rate=5.000000Hz report_rate_f=0.000000Hz curr sample rate:5.000000 cur rpt rate:0 max:400.000000 min:1.000000
12-17 19:31:36.790  1795 11747 I qti_sensors_hal: batch: current sample rate, report rate & buffering are equal to requested (5.000000,0.000000,0)
12-17 19:31:36.799   606  2379 E libteec : QSEECom_send_cmd return!
12-17 19:31:36.799   606  2379 E libteec : qsc_send_cmd finish
12-17 19:31:36.799   606  2379 E libteec : send data return = 128
12-17 19:31:36.800  2852  2925 I EventCenter: ContentChange for slot: 1
12-17 19:31:36.800  2852  2852 I HwBrightnessController: onChange selfChange:false uri.toString():content://settings/system/screen_auto_brightness mIsObserveAutoBrightnessChange:true
12-17 19:31:36.800   835  2385 E libteec : receive data len = 128
12-17 19:31:36.800   835  2385 E libteec : begin
12-17 19:31:36.800   835  2385 E libteec : qsc_decode end
12-17 19:31:36.800   835  2385 D fpc_fingerprint_hal: worker idle
12-17 19:31:36.800   835   835 E libteec : begin
12-17 19:31:36.800   606  2379 E libteec : receive data len = 128
12-17 19:31:36.801  2852  2852 I HwBrightnessUtils: APS brightness=0.0,ConvertToPercentage=NaN
12-17 19:31:36.801  2852  2852 I HwBrightnessUtils:  getSeekBarProgress isAutoMode:true current brightness:0 percentage:NaN
12-17 19:31:36.801  2852  2852 I HwBrightnessController: updateSlider1 seekBarProgress:0
12-17 19:31:36.801  2852  2852 I HwBrightnessController: updateSlider2 seekBarProgress:0
12-17 19:31:36.801  2852  2852 I ToggleSlider:  mSeekListener onProgressChanged progress:0 fromUser:false
12-17 19:31:36.802  2852  2852 I ToggleSlider:  mSeekListener onProgressChanged progress:0 fromUser:false
12-17 19:31:36.804   606  2379 E libteec : QSEECom_send_cmd return!
12-17 19:31:36.804   606  2379 E libteec : qsc_send_cmd finish
12-17 19:31:36.804   606  2379 E libteec : send data return = 128
12-17 19:31:36.804   835   835 E libteec : receive data len = 128
12-17 19:31:36.804   835   835 E libteec : begin
12-17 19:31:36.804   835   835 E libteec : qsc_decode end
12-17 19:31:36.804   835   835 D fpc_fingerprint_hal: fpc_get_authenticator_id id 14657234628792947271
12-17 19:31:36.804   835  2385 E libteec : begin
12-17 19:31:36.804   606  2379 E libteec : receive data len = 128
12-17 19:31:36.804  1795  2326 V FingerprintService: startAuthentication(com.android.systemui)
12-17 19:31:36.805  1795  2326 V FingerprintService: starting client AuthenticationClient(com.android.systemui), initiatedByClient = true)
12-17 19:31:36.805   835   835 I fingerprintd: FingerprintDaemonProxyEx::onTransact, code:1
12-17 19:31:36.805   835   835 V fingerprintd: authenticate(sid=0, gid=0)
12-17 19:31:36.809  2852  2852 I StatusBar: onNotificationPosted: StatusBarNotification(pkg=com.android.incallui user=UserHandle{0} id=2 tag=null key=0|com.android.incallui|2|null|1001: Notification(pri=2 contentView=null vibrate=null sound=null defaults=0x0 flags=0x2 color=0x00000000 actions=3 vis=PRIVATE publicVersion=Notification(pri=0 contentView=null vibrate=null sound=null defaults=0x0 flags=0x0 color=0xff33b5e5 vis=PRIVATE))) important=2, post=1481974296486, when=1481974245373, vis=0, userid=0
12-17 19:31:36.809  2852  2852 I PhoneStatusBar: addNotification key=0|com.android.incallui|2|null|1001
12-17 19:31:36.810  2852  2852 D HwCust  : Create obj success use class android.app.HwCustNotificationImpl
12-17 19:31:36.810  2852  2852 I StatusBarIconView: updateTint: tint=0
12-17 19:31:36.810  2852  2852 I BadgedIconHelper: isCloneProcess = false
12-17 19:31:36.810  2852  2852 I StatusBarIconView: updateTint: tint=0
12-17 19:31:36.812  2852  2852 I BadgedIconHelper: isCloneProcess = false
12-17 19:31:36.812  2852  2852 D HwCust  : Create obj success use class android.app.HwCustNotificationImpl
12-17 19:31:36.815  2852  2852 I BadgedIconHelper: isCloneProcess = false
12-17 19:31:36.816  2852  2852 D HwCust  : Create obj success use class android.app.HwCustNotificationImpl
12-17 19:31:36.819  2852  2852 D HwCust  : Create obj success use class android.app.HwCustNotificationImpl
12-17 19:31:36.820  2852  2852 I StatusBarIconView: updateTint: tint=1
